Component: ARM Compiler 5.06 update 7 (build 960) Tool: armlink [4d3601]

==============================================================================

Section Cross References

    startup_stm32f40_41xxx.o(STACK) refers (Special) to heapauxi.o(.text) for __use_two_region_memory
    startup_stm32f40_41xxx.o(HEAP) refers (Special) to heapauxi.o(.text) for __use_two_region_memory
    startup_stm32f40_41xxx.o(RESET) refers (Special) to heapauxi.o(.text) for __use_two_region_memory
    startup_stm32f40_41xxx.o(RESET) refers to startup_stm32f40_41xxx.o(STACK) for __initial_sp
    startup_stm32f40_41xxx.o(RESET) refers to startup_stm32f40_41xxx.o(.text) for Reset_Handler
    startup_stm32f40_41xxx.o(RESET) refers to stm32f4xx_it.o(i.NMI_Handler) for NMI_Handler
    startup_stm32f40_41xxx.o(RESET) refers to stm32f4xx_it.o(i.HardFault_Handler) for HardFault_Handler
    startup_stm32f40_41xxx.o(RESET) refers to stm32f4xx_it.o(i.MemManage_Handler) for MemManage_Handler
    startup_stm32f40_41xxx.o(RESET) refers to stm32f4xx_it.o(i.BusFault_Handler) for BusFault_Handler
    startup_stm32f40_41xxx.o(RESET) refers to stm32f4xx_it.o(i.UsageFault_Handler) for UsageFault_Handler
    startup_stm32f40_41xxx.o(RESET) refers to stm32f4xx_it.o(i.SVC_Handler) for SVC_Handler
    startup_stm32f40_41xxx.o(RESET) refers to stm32f4xx_it.o(i.DebugMon_Handler) for DebugMon_Handler
    startup_stm32f40_41xxx.o(RESET) refers to os_cpu_a.o(CODE) for PendSV_Handler
    startup_stm32f40_41xxx.o(RESET) refers to stm32f4xx_it.o(i.SysTick_Handler) for SysTick_Handler
    startup_stm32f40_41xxx.o(RESET) refers to stm32f4xx_it.o(i.ETH_IRQHandler) for ETH_IRQHandler
    startup_stm32f40_41xxx.o(.text) refers (Special) to heapauxi.o(.text) for __use_two_region_memory
    startup_stm32f40_41xxx.o(.text) refers to system_stm32f4xx.o(i.SystemInit) for SystemInit
    startup_stm32f40_41xxx.o(.text) refers to __main.o(!!!main) for __main
    startup_stm32f40_41xxx.o(.text) refers to startup_stm32f40_41xxx.o(HEAP) for Heap_Mem
    startup_stm32f40_41xxx.o(.text) refers to startup_stm32f40_41xxx.o(STACK) for Stack_Mem
    system_stm32f4xx.o(i.SystemCoreClockUpdate) refers to system_stm32f4xx.o(.data) for SystemCoreClock
    system_stm32f4xx.o(i.SystemInit) refers to system_stm32f4xx.o(i.SystemInit_ExtMemCtl) for SystemInit_ExtMemCtl
    system_stm32f4xx.o(i.SystemInit) refers to system_stm32f4xx.o(i.SetSysClock) for SetSysClock
    led.o(i.led_init) refers to stm32f4xx_rcc.o(i.RCC_AHB1PeriphClockCmd) for RCC_AHB1PeriphClockCmd
    led.o(i.led_init) refers to stm32f4xx_gpio.o(i.GPIO_Init) for GPIO_Init
    usart1.o(i.usart1_init) refers to stm32f4xx_rcc.o(i.RCC_AHB1PeriphClockCmd) for RCC_AHB1PeriphClockCmd
    usart1.o(i.usart1_init) refers to stm32f4xx_rcc.o(i.RCC_APB2PeriphClockCmd) for RCC_APB2PeriphClockCmd
    usart1.o(i.usart1_init) refers to stm32f4xx_gpio.o(i.GPIO_Init) for GPIO_Init
    usart1.o(i.usart1_init) refers to stm32f4xx_gpio.o(i.GPIO_PinAFConfig) for GPIO_PinAFConfig
    usart1.o(i.usart1_init) refers to stm32f4xx_usart.o(i.USART_Init) for USART_Init
    usart1.o(i.usart1_init) refers to stm32f4xx_usart.o(i.USART_ClearFlag) for USART_ClearFlag
    usart1.o(i.usart1_init) refers to stm32f4xx_usart.o(i.USART_Cmd) for USART_Cmd
    phy.o(i.phy_init) refers to stm32f4xx_rcc.o(i.RCC_AHB1PeriphClockCmd) for RCC_AHB1PeriphClockCmd
    phy.o(i.phy_init) refers to stm32f4xx_rcc.o(i.RCC_APB2PeriphClockCmd) for RCC_APB2PeriphClockCmd
    phy.o(i.phy_init) refers to stm32f4xx_syscfg.o(i.SYSCFG_ETH_MediaInterfaceConfig) for SYSCFG_ETH_MediaInterfaceConfig
    phy.o(i.phy_init) refers to stm32f4xx_gpio.o(i.GPIO_Init) for GPIO_Init
    phy.o(i.phy_init) refers to stm32f4xx_gpio.o(i.GPIO_PinAFConfig) for GPIO_PinAFConfig
    phy.o(i.phy_init) refers to misc.o(i.NVIC_Init) for NVIC_Init
    phy.o(i.phy_init) refers to stm32f4x7_eth.o(i.ETH_DeInit) for ETH_DeInit
    phy.o(i.phy_init) refers to stm32f4x7_eth.o(i.ETH_SoftwareReset) for ETH_SoftwareReset
    phy.o(i.phy_init) refers to stm32f4x7_eth.o(i.ETH_GetSoftwareResetStatus) for ETH_GetSoftwareResetStatus
    phy.o(i.phy_init) refers to stm32f4x7_eth.o(i.ETH_StructInit) for ETH_StructInit
    phy.o(i.phy_init) refers to stm32f4x7_eth.o(i.ETH_Init) for ETH_Init
    phy.o(i.phy_init) refers to stm32f4x7_eth.o(i.ETH_DMAITConfig) for ETH_DMAITConfig
    stm32f4xx_adc.o(i.ADC_DeInit) refers to stm32f4xx_rcc.o(i.RCC_APB2PeriphResetCmd) for RCC_APB2PeriphResetCmd
    stm32f4xx_can.o(i.CAN_DeInit) refers to stm32f4xx_rcc.o(i.RCC_APB1PeriphResetCmd) for RCC_APB1PeriphResetCmd
    stm32f4xx_can.o(i.CAN_GetITStatus) refers to stm32f4xx_can.o(i.CheckITStatus) for CheckITStatus
    stm32f4xx_dac.o(i.DAC_DeInit) refers to stm32f4xx_rcc.o(i.RCC_APB1PeriphResetCmd) for RCC_APB1PeriphResetCmd
    stm32f4xx_flash.o(i.FLASH_EraseAllBank1Sectors) refers to stm32f4xx_flash.o(i.FLASH_WaitForLastOperation) for FLASH_WaitForLastOperation
[...]
    OSCfg_MsgPoolSize                        0x08013708   Data           2  os_cfg_app.o(.constdata)
    OSCfg_MsgPoolSizeRAM                     0x0801370c   Data           4  os_cfg_app.o(.constdata)
    OSCfg_MsgPoolBasePtr                     0x08013710   Data           4  os_cfg_app.o(.constdata)
    OSCfg_StatTaskPrio                       0x08013714   Data           1  os_cfg_app.o(.constdata)
    OSCfg_StatTaskRate_Hz                    0x08013718   Data           4  os_cfg_app.o(.constdata)
    OSCfg_StatTaskStkBasePtr                 0x0801371c   Data           4  os_cfg_app.o(.constdata)
    OSCfg_StatTaskStkLimit                   0x08013720   Data           4  os_cfg_app.o(.constdata)
    OSCfg_StatTaskStkSize                    0x08013724   Data           4  os_cfg_app.o(.constdata)
    OSCfg_StatTaskStkSizeRAM                 0x08013728   Data           4  os_cfg_app.o(.constdata)
    OSCfg_StkSizeMin                         0x0801372c   Data           4  os_cfg_app.o(.constdata)
    OSCfg_TickRate_Hz                        0x08013730   Data           4  os_cfg_app.o(.constdata)
    OSCfg_TickTaskPrio                       0x08013734   Data           1  os_cfg_app.o(.constdata)
    OSCfg_TickTaskStkBasePtr                 0x08013738   Data           4  os_cfg_app.o(.constdata)
    OSCfg_TickTaskStkLimit                   0x0801373c   Data           4  os_cfg_app.o(.constdata)
    OSCfg_TickTaskStkSize                    0x08013740   Data           4  os_cfg_app.o(.constdata)
    OSCfg_TickTaskStkSizeRAM                 0x08013744   Data           4  os_cfg_app.o(.constdata)
    OSCfg_TmrTaskPrio                        0x08013748   Data           1  os_cfg_app.o(.constdata)
    OSCfg_TmrTaskRate_Hz                     0x0801374c   Data           4  os_cfg_app.o(.constdata)
    OSCfg_TmrTaskStkBasePtr                  0x08013750   Data           4  os_cfg_app.o(.constdata)
    OSCfg_TmrTaskStkLimit                    0x08013754   Data           4  os_cfg_app.o(.constdata)
    OSCfg_TmrTaskStkSize                     0x08013758   Data           4  os_cfg_app.o(.constdata)
    OSCfg_TmrTaskStkSizeRAM                  0x0801375c   Data           4  os_cfg_app.o(.constdata)
    OSCfg_DataSizeRAM                        0x08013760   Data           4  os_cfg_app.o(.constdata)
    OSDbg_DbgEn                              0x08013764   Data           1  os_dbg.o(.constdata)
    OSDbg_ArgChkEn                           0x08013765   Data           1  os_dbg.o(.constdata)
    OSDbg_AppHooksEn                         0x08013766   Data           1  os_dbg.o(.constdata)
    OSDbg_EndiannessTest                     0x08013768   Data           4  os_dbg.o(.constdata)
    OSDbg_CalledFromISRChkEn                 0x0801376c   Data           1  os_dbg.o(.constdata)
    OSDbg_FlagEn                             0x0801376d   Data           1  os_dbg.o(.constdata)
    OSDbg_FlagGrp                            0x08013770   Data          40  os_dbg.o(.constdata)
    OSDbg_FlagDelEn                          0x08013798   Data           1  os_dbg.o(.constdata)
    OSDbg_FlagModeClrEn                      0x08013799   Data           1  os_dbg.o(.constdata)
    OSDbg_FlagPendAbortEn                    0x0801379a   Data           1  os_dbg.o(.constdata)
    OSDbg_FlagGrpSize                        0x0801379c   Data           2  os_dbg.o(.constdata)
    OSDbg_FlagWidth                          0x0801379e   Data           2  os_dbg.o(.constdata)
    OSDbg_IntQ                               0x080137a0   Data           2  os_dbg.o(.constdata)
    OSDbg_ISRPostDeferredEn                  0x080137a2   Data           1  os_dbg.o(.constdata)
    OSDbg_Mem                                0x080137a4   Data          32  os_dbg.o(.constdata)
    OSDbg_MemEn                              0x080137c4   Data           1  os_dbg.o(.constdata)
    OSDbg_MemSize                            0x080137c6   Data           2  os_dbg.o(.constdata)
    OSDbg_MsgEn                              0x080137c8   Data           1  os_dbg.o(.constdata)
    OSDbg_MsgSize                            0x080137ca   Data           2  os_dbg.o(.constdata)
    OSDbg_MsgPoolSize                        0x080137cc   Data           2  os_dbg.o(.constdata)
    OSDbg_MsgQSize                           0x080137ce   Data           2  os_dbg.o(.constdata)
    OSDbg_Mutex                              0x080137d0   Data          48  os_dbg.o(.constdata)
    OSDbg_MutexEn                            0x08013800   Data           1  os_dbg.o(.constdata)
    OSDbg_MutexDelEn                         0x08013801   Data           1  os_dbg.o(.constdata)
    OSDbg_MutexPendAbortEn                   0x08013802   Data           1  os_dbg.o(.constdata)
    OSDbg_MutexSize                          0x08013804   Data           2  os_dbg.o(.constdata)
    OSDbg_ObjTypeChkEn                       0x08013806   Data           1  os_dbg.o(.constdata)
    OSDbg_PendMultiEn                        0x08013807   Data           1  os_dbg.o(.constdata)
    OSDbg_PendDataSize                       0x08013808   Data           2  os_dbg.o(.constdata)
    OSDbg_PendListSize                       0x0801380a   Data           2  os_dbg.o(.constdata)
    OSDbg_PendObjSize                        0x0801380c   Data           2  os_dbg.o(.constdata)
    OSDbg_PrioMax                            0x0801380e   Data           2  os_dbg.o(.constdata)
    OSDbg_PrioTblSize                        0x08013810   Data           2  os_dbg.o(.constdata)
    OSDbg_PtrSize                            0x08013812   Data           2  os_dbg.o(.constdata)
    OSDbg_Q                                  0x08013814   Data          48  os_dbg.o(.constdata)
    OSDbg_QEn                                0x08013844   Data           1  os_dbg.o(.constdata)
    OSDbg_QDelEn                             0x08013845   Data           1  os_dbg.o(.constdata)
    OSDbg_QFlushEn                           0x08013846   Data           1  os_dbg.o(.constdata)
    OSDbg_QPendAbortEn                       0x08013847   Data           1  os_dbg.o(.constdata)
    OSDbg_QSize                              0x08013848   Data           2  os_dbg.o(.constdata)
    OSDbg_SchedRoundRobinEn                  0x0801384a   Data           1  os_dbg.o(.constdata)
    OSDbg_Sem                                0x0801384c   Data          40  os_dbg.o(.constdata)
    OSDbg_SemEn                              0x08013874   Data           1  os_dbg.o(.constdata)
    OSDbg_SemDelEn                           0x08013875   Data           1  os_dbg.o(.constdata)
    OSDbg_SemPendAbortEn                     0x08013876   Data           1  os_dbg.o(.constdata)
    OSDbg_SemSetEn                           0x08013877   Data           1  os_dbg.o(.constdata)
    OSDbg_SemSize                            0x08013878   Data           2  os_dbg.o(.constdata)
    OSDbg_RdyList                            0x0801387a   Data           2  os_dbg.o(.constdata)
    OSDbg_RdyListSize                        0x0801387c   Data           4  os_dbg.o(.constdata)
    OSDbg_StkWidth                           0x08013880   Data           1  os_dbg.o(.constdata)
    OSDbg_StatTaskEn                         0x08013881   Data           1  os_dbg.o(.constdata)
    OSDbg_StatTaskStkChkEn                   0x08013882   Data           1  os_dbg.o(.constdata)
    OSDbg_TaskChangePrioEn                   0x08013883   Data           1  os_dbg.o(.constdata)
    OSDbg_TaskDelEn                          0x08013884   Data           1  os_dbg.o(.constdata)
    OSDbg_TaskQEn                            0x08013885   Data           1  os_dbg.o(.constdata)
    OSDbg_TaskQPendAbortEn                   0x08013886   Data           1  os_dbg.o(.constdata)
    OSDbg_TaskProfileEn                      0x08013887   Data           1  os_dbg.o(.constdata)
    OSDbg_TaskRegTblSize                     0x08013888   Data           2  os_dbg.o(.constdata)
    OSDbg_TaskSemPendAbortEn                 0x0801388a   Data           1  os_dbg.o(.constdata)
    OSDbg_TaskSuspendEn                      0x0801388b   Data           1  os_dbg.o(.constdata)
    OSDbg_TCBSize                            0x0801388c   Data           2  os_dbg.o(.constdata)
    OSDbg_TickListSize                       0x0801388e   Data           2  os_dbg.o(.constdata)
    OSDbg_TimeDlyHMSMEn                      0x08013890   Data           1  os_dbg.o(.constdata)
    OSDbg_TimeDlyResumeEn                    0x08013891   Data           1  os_dbg.o(.constdata)
    OSDbg_TLS_TblSize                        0x08013892   Data           2  os_dbg.o(.constdata)
    OSDbg_Tmr                                0x08013894   Data          48  os_dbg.o(.constdata)
    OSDbg_TmrEn                              0x080138c4   Data           1  os_dbg.o(.constdata)
    OSDbg_TmrDelEn                           0x080138c5   Data           1  os_dbg.o(.constdata)
    OSDbg_TmrSize                            0x080138c6   Data           2  os_dbg.o(.constdata)
    OSDbg_VersionNbr                         0x080138c8   Data           2  os_dbg.o(.constdata)
    OSDbg_DataSize                           0x080138cc   Data           4  os_dbg.o(.constdata)
    tcp_state_str                            0x08013948   Data          44  tcp.o(.constdata)
    tcp_backoff                              0x08013974   Data          13  tcp.o(.constdata)
    tcp_persist_backoff                      0x08013981   Data           7  tcp.o(.constdata)
    tcp_pcb_lists                            0x08013988   Data          16  tcp.o(.constdata)
    ethbroadcast                             0x08013998   Data           6  etharp.o(.constdata)
    ethzero                                  0x0801399e   Data           6  etharp.o(.constdata)
    NullPointer                              0x080139a4   Data           4  sys_arch.o(.constdata)
    Region$$Table$$Base                      0x08013b44   Number         0  anon$$obj.o(Region$$Table)
    Region$$Table$$Limit                     0x08013b64   Number         0  anon$$obj.o(Region$$Table)
    DMATxDescToSet                           0x20000010   Data           4  stm32f4x7_eth.o(.data)
    DMARxDescToGet                           0x20000014   Data           4  stm32f4x7_eth.o(.data)
    DMA_RX_FRAME_infos                       0x20000018   Data           4  stm32f4x7_eth.o(.data)
    Frame_Rx_index                           0x2000001c   Data           4  stm32f4x7_eth.o(.data)
    __stdout                                 0x20000020   Data           4  libc.o(.data)
    CPU_TS_TmrFreq_Hz                        0x20000024   Data           4  cpu_core.o(.data)
    CPU_IntDisMeasCtr                        0x20000028   Data           2  cpu_core.o(.data)
    CPU_IntDisNestCtr                        0x2000002a   Data           2  cpu_core.o(.data)
    CPU_IntDisMeasStart_cnts                 0x2000002c   Data           4  cpu_core.o(.data)
    CPU_IntDisMeasStop_cnts                  0x20000030   Data           4  cpu_core.o(.data)
    CPU_IntDisMeasOvrhd_cnts                 0x20000034   Data           4  cpu_core.o(.data)
    CPU_IntDisMeasMaxCur_cnts                0x20000038   Data           4  cpu_core.o(.data)
    CPU_IntDisMeasMax_cnts                   0x2000003c   Data           4  cpu_core.o(.data)
    OS_CPU_ExceptStkBase                     0x20000040   Data           4  os_cpu_c.o(.data)
    OSPrioTbl                                0x20000044   Data           8  os_prio.o(.data)
    OS_AppTaskCreateHookPtr                  0x2000004c   Data           4  os_var.o(.data)
    OS_AppTaskDelHookPtr                     0x20000050   Data           4  os_var.o(.data)
    OS_AppTaskReturnHookPtr                  0x20000054   Data           4  os_var.o(.data)
    OS_AppIdleTaskHookPtr                    0x20000058   Data           4  os_var.o(.data)
    OS_AppStatTaskHookPtr                    0x2000005c   Data           4  os_var.o(.data)
    OS_AppTaskSwHookPtr                      0x20000060   Data           4  os_var.o(.data)
    OS_AppTimeTickHookPtr                    0x20000064   Data           4  os_var.o(.data)
    OSIdleTaskCtr                            0x20000068   Data           4  os_var.o(.data)
    OSIntNestingCtr                          0x2000006c   Data           1  os_var.o(.data)
    OSIntDisTimeMax                          0x20000070   Data           4  os_var.o(.data)
    OSRunning                                0x20000074   Data           1  os_var.o(.data)
    OSFlagDbgListPtr                         0x20000078   Data           4  os_var.o(.data)
    OSFlagQty                                0x2000007c   Data           2  os_var.o(.data)
    OSMemDbgListPtr                          0x20000080   Data           4  os_var.o(.data)
    OSMemQty                                 0x20000084   Data           2  os_var.o(.data)
    OSMutexDbgListPtr                        0x20000088   Data           4  os_var.o(.data)
    OSMutexQty                               0x2000008c   Data           2  os_var.o(.data)
    OSPrioCur                                0x2000008e   Data           1  os_var.o(.data)
    OSPrioHighRdy                            0x2000008f   Data           1  os_var.o(.data)
    OSPrioSaved                              0x20000090   Data           1  os_var.o(.data)
    OSQDbgListPtr                            0x20000094   Data           4  os_var.o(.data)
    OSQQty                                   0x20000098   Data           2  os_var.o(.data)
    OSSchedLockTimeBegin                     0x2000009c   Data           4  os_var.o(.data)
    OSSchedLockTimeMax                       0x200000a0   Data           4  os_var.o(.data)
    OSSchedLockTimeMaxCur                    0x200000a4   Data           4  os_var.o(.data)
    OSSchedLockNestingCtr                    0x200000a8   Data           1  os_var.o(.data)
    OSSchedRoundRobinDfltTimeQuanta          0x200000ac   Data           4  os_var.o(.data)
    OSSchedRoundRobinEn                      0x200000b0   Data           1  os_var.o(.data)
    OSSemDbgListPtr                          0x200000b4   Data           4  os_var.o(.data)
    OSSemQty                                 0x200000b8   Data           2  os_var.o(.data)
    OSStatResetFlag                          0x200000ba   Data           1  os_var.o(.data)
    OSStatTaskCPUUsage                       0x200000bc   Data           2  os_var.o(.data)
    OSStatTaskCPUUsageMax                    0x200000be   Data           2  os_var.o(.data)
    OSStatTaskCtr                            0x200000c0   Data           4  os_var.o(.data)
    OSStatTaskCtrMax                         0x200000c4   Data           4  os_var.o(.data)
    OSStatTaskCtrRun                         0x200000c8   Data           4  os_var.o(.data)
    OSStatTaskRdy                            0x200000cc   Data           1  os_var.o(.data)
    OSStatTaskTimeMax                        0x200000d0   Data           4  os_var.o(.data)
    OSTaskCtxSwCtr                           0x200000d4   Data           4  os_var.o(.data)
    OSTaskDbgListPtr                         0x200000d8   Data           4  os_var.o(.data)
    OSTaskQty                                0x200000dc   Data           2  os_var.o(.data)
    OSTaskRegNextAvailID                     0x200000de   Data           1  os_var.o(.data)
    OSTickCtr                                0x200000e0   Data           4  os_var.o(.data)
    OSTickTaskTimeMax                        0x200000e4   Data           4  os_var.o(.data)
    OSTickListDly                            0x200000e8   Data           8  os_var.o(.data)
    OSTickListTimeout                        0x200000f0   Data           8  os_var.o(.data)
    OSTmrDbgListPtr                          0x200000f8   Data           4  os_var.o(.data)
    OSTmrListEntries                         0x200000fc   Data           2  os_var.o(.data)
    OSTmrListPtr                             0x20000100   Data           4  os_var.o(.data)
    OSTmrQty                                 0x20000104   Data           2  os_var.o(.data)
    OSTmrTaskTimeMax                         0x20000108   Data           4  os_var.o(.data)
    OSTmrTickCtr                             0x2000010c   Data           4  os_var.o(.data)
    OSTmrUpdateCnt                           0x20000110   Data           4  os_var.o(.data)
    OSTmrUpdateCtr                           0x20000114   Data           4  os_var.o(.data)
    OSTCBCurPtr                              0x20000118   Data           4  os_var.o(.data)
    OSTCBHighRdyPtr                          0x2000011c   Data           4  os_var.o(.data)
    sockfd                                   0x20000120   Data           4  apptasktcpserver.o(.data)
    connfd                                   0x20000124   Data           4  apptasktcpserver.o(.data)
    netif_list                               0x20000144   Data           4  netif.o(.data)
    netif_default                            0x20000148   Data           4  netif.o(.data)
    tcp_ticks                                0x20000158   Data           4  tcp.o(.data)
    tcp_bound_pcbs                           0x2000015c   Data           4  tcp.o(.data)
    tcp_listen_pcbs                          0x20000160   Data           4  tcp.o(.data)
    tcp_active_pcbs                          0x20000164   Data           4  tcp.o(.data)
    tcp_tw_pcbs                              0x20000168   Data           4  tcp.o(.data)
    tcp_tmp_pcb                              0x2000016c   Data           4  tcp.o(.data)
    tcp_active_pcbs_changed                  0x20000170   Data           1  tcp.o(.data)
    tcp_input_pcb                            0x20000194   Data           4  tcp_in.o(.data)
    udp_pcbs                                 0x200001a4   Data           4  udp.o(.data)
    current_netif                            0x200001a8   Data           4  ip.o(.data)
    current_header                           0x200001ac   Data           4  ip.o(.data)
    current_iphdr_src                        0x200001b0   Data           4  ip.o(.data)
    current_iphdr_dest                       0x200001b4   Data           4  ip.o(.data)
    TcpServerBuffer                          0x200001c3   Data         512  apptasktcpserver.o(.exsram.TcpServerBuffer)
    RX_Frame_Descriptor                      0x200003c4   Data          12  stm32f4x7_eth.o(.bss)
    CPU_Name                                 0x200003d0   Data          16  cpu_core.o(.bss)
    OSCfg_IdleTaskStk                        0x200003e0   Data         512  os_cfg_app.o(.bss)
    OSCfg_ISRStk                             0x200005e0   Data         400  os_cfg_app.o(.bss)
    OSCfg_MsgPool                            0x20000770   Data        1600  os_cfg_app.o(.bss)
    OSCfg_StatTaskStk                        0x20000db0   Data         400  os_cfg_app.o(.bss)
    OSCfg_TickTaskStk                        0x20000f40   Data         512  os_cfg_app.o(.bss)
    OSCfg_TmrTaskStk                         0x20001140   Data         512  os_cfg_app.o(.bss)
    OSIdleTaskTCB                            0x20001340   Data         204  os_var.o(.bss)
    OSMsgPool                                0x2000140c   Data          12  os_var.o(.bss)
    OSRdyList                                0x20001418   Data         768  os_var.o(.bss)
    OSStatTaskTCB                            0x20001718   Data         204  os_var.o(.bss)
    OSTickTaskTCB                            0x200017e4   Data         204  os_var.o(.bss)
    OSTmrMutex                               0x200018b0   Data          48  os_var.o(.bss)
    OSTmrTaskTCB                             0x200018e0   Data         204  os_var.o(.bss)
    AppTaskStartTCB                          0x200019ac   Data         204  apptaskstart.o(.bss)
    AppTaskStartStk                          0x20001a78   Data        1024  apptaskstart.o(.bss)
    dev                                      0x20001e78   Data          52  main.o(.bss)
    AppTaskLedTCB                            0x20001eac   Data         204  apptaskled.o(.bss)
    AppTaskLedStk                            0x20001f78   Data         256  apptaskled.o(.bss)
    AppTaskTcpServerTCB                      0x20002078   Data         204  apptasktcpserver.o(.bss)
    AppTaskTcpServerStk                      0x20002144   Data        1024  apptasktcpserver.o(.bss)
    AppTaskTcpipStk                          0x20002720   Data        1024  sys_arch.o(.bss)
    AppTaskTcpipTCB                          0x20002b20   Data         204  sys_arch.o(.bss)
    __libspace_start                         0x20002bec   Data          96  libspace.o(.bss)
    __temporary_stack_top$libspace           0x20002c4c   Data           0  libspace.o(.bss)
    DMARxDscrTab                             0x68000000   Data         320  stm32f4x7_eth.o(.ARM.__AT_0x68000000)
    DMATxDscrTab                             0x68000140   Data          80  stm32f4x7_eth.o(.ARM.__AT_0x68000140)
    Rx_Buff                                  0x68000190   Data       30480  stm32f4x7_eth.o(.ARM.__AT_0x68000190)
    Tx_Buff                                  0x680078a0   Data        7620  stm32f4x7_eth.o(.ARM.__AT_0x680078A0)
    ram_heap                                 0x68009664   Data       16020  mem.o(.ARM.__AT_0x68009664)



==============================================================================

Memory Map of the image

  Image Entry point : 0x08000189

  Load Region LR_IROM1 (Base: 0x08000000, Size: 0x00013f28, Max: 0x00100000, ABSOLUTE, COMPRESSED[0x00013b80])

    Execution Region ER_IROM1 (Exec base: 0x08000000, Load base: 0x08000000, Size: 0x00013b64, Max: 0x00100000, ABSOLUTE)

    Exec Addr    Load Addr    Size         Type   Attr      Idx    E Section Name        Object

    0x08000000   0x08000000   0x00000188   Data   RO            3    RESET               startup_stm32f40_41xxx.o
    0x08000188   0x08000188   0x00000008   Code   RO         9433  * !!!main             c_w.l(__main.o)
    0x08000190   0x08000190   0x00000034   Code   RO         9619    !!!scatter          c_w.l(__scatter.o)
    0x080001c4   0x080001c4   0x0000005a   Code   RO         9617    !!dczerorl2         c_w.l(__dczerorl2.o)
    0x0800021e   0x0800021e   0x00000002   PAD
    0x08000220   0x08000220   0x0000001c   Code   RO         9621    !!handler_zi        c_w.l(__scatter_zi.o)
    0x0800023c   0x0800023c   0x00000000   Code   RO         9418    .ARM.Collect$$_printf_percent$$00000000  c_w.l(_printf_percent.o)
    0x0800023c   0x0800023c   0x00000006   Code   RO         9416    .ARM.Collect$$_printf_percent$$00000009  c_w.l(_printf_d.o)
    0x08000242   0x08000242   0x00000006   Code   RO         9417    .ARM.Collect$$_printf_percent$$0000000A  c_w.l(_printf_u.o)
    0x08000248   0x08000248   0x00000006   Code   RO         9415    .ARM.Collect$$_printf_percent$$0000000C  c_w.l(_printf_x.o)
    0x0800024e   0x0800024e   0x00000006   Code   RO         9413    .ARM.Collect$$_printf_percent$$00000013  c_w.l(_printf_c.o)
    0x08000254   0x08000254   0x00000006   Code   RO         9414    .ARM.Collect$$_printf_percent$$00000014  c_w.l(_printf_s.o)
    0x0800025a   0x0800025a   0x00000004   Code   RO         9448    .ARM.Collect$$_printf_percent$$00000017  c_w.l(_printf_percent_end.o)
    0x0800025e   0x0800025e   0x00000002   Code   RO         9489    .ARM.Collect$$libinit$$00000000  c_w.l(libinit.o)
    0x08000260   0x08000260   0x00000004   Code   RO         9501    .ARM.Collect$$libinit$$00000001  c_w.l(libinit2.o)
    0x08000264   0x08000264   0x00000000   Code   RO         9504    .ARM.Collect$$libinit$$00000004  c_w.l(libinit2.o)
    0x08000264   0x08000264   0x00000000   Code   RO         9507    .ARM.Collect$$libinit$$0000000A  c_w.l(libinit2.o)
    0x08000264   0x08000264   0x00000000   Code   RO         9509    .ARM.Collect$$libinit$$0000000C  c_w.l(libinit2.o)
    0x08000264   0x08000264   0x00000000   Code   RO         9511    .ARM.Collect$$libinit$$0000000E  c_w.l(libinit2.o)
    0x08000264   0x08000264   0x00000000   Code   RO         9514    .ARM.Collect$$libinit$$00000011  c_w.l(libinit2.o)
    0x08000264   0x08000264   0x00000000   Code   RO         9516    .ARM.Collect$$libinit$$00000013  c_w.l(libinit2.o)
    0x08000264   0x08000264   0x00000000   Code   RO         9518    .ARM.Collect$$libinit$$00000015  c_w.l(libinit2.o)
    0x08000264   0x08000264   0x00000000   Code   RO         9520    .ARM.Collect$$libinit$$00000017  c_w.l(libinit2.o)
    0x08000264   0x08000264   0x00000000   Code   RO         9522    .ARM.Collect$$libinit$$00000019  c_w.l(libinit2.o)
    0x08000264   0x08000264   0x00000000   Code   RO         9524    .ARM.Collect$$libinit$$0000001B  c_w.l(libinit2.o)
    0x08000264   0x08000264   0x00000000   Code   RO         9526    .ARM.Collect$$libinit$$0000001D  c_w.l(libinit2.o)
    0x08000264   0x08000264   0x00000000   Code   RO         9528    .ARM.Collect$$libinit$$0000001F  c_w.l(libinit2.o)
    0x08000264   0x08000264   0x00000000   Code   RO         9530    .ARM.Collect$$libinit$$00000021  c_w.l(libinit2.o)
    0x08000264   0x08000264   0x00000000   Code   RO         9532    .ARM.Collect$$libinit$$00000023  c_w.l(libinit2.o)
    0x08000264   0x08000264   0x00000000   Code   RO         9534    .ARM.Collect$$libinit$$00000025  c_w.l(libinit2.o)
    0x08000264   0x08000264   0x00000000   Code   RO         9538    .ARM.Collect$$libinit$$0000002C  c_w.l(libinit2.o)
    0x08000264   0x08000264   0x00000000   Code   RO         9540    .ARM.Collect$$libinit$$0000002E  c_w.l(libinit2.o)
    0x08000264   0x08000264   0x00000000   Code   RO         9542    .ARM.Collect$$libinit$$00000030  c_w.l(libinit2.o)
    0x08000264   0x08000264   0x00000000   Code   RO         9544    .ARM.Collect$$libinit$$00000032  c_w.l(libinit2.o)
    0x08000264   0x08000264   0x00000002   Code   RO         9545    .ARM.Collect$$libinit$$00000033  c_w.l(libinit2.o)
    0x08000266   0x08000266   0x00000002   Code   RO         9571    .ARM.Collect$$libshutdown$$00000000  c_w.l(libshutdown.o)
    0x08000268   0x08000268   0x00000000   Code   RO         9598    .ARM.Collect$$libshutdown$$00000002  c_w.l(libshutdown2.o)
    0x08000268   0x08000268   0x00000000   Code   RO         9600    .ARM.Collect$$libshutdown$$00000004  c_w.l(libshutdown2.o)
    0x08000268   0x08000268   0x00000000   Code   RO         9602    .ARM.Collect$$libshutdown$$00000006  c_w.l(libshutdown2.o)
    0x08000268   0x08000268   0x00000000   Code   RO         9605    .ARM.Collect$$libshutdown$$00000009  c_w.l(libshutdown2.o)
    0x08000268   0x08000268   0x00000000   Code   RO         9608    .ARM.Collect$$libshutdown$$0000000C  c_w.l(libshutdown2.o)
    0x08000268   0x08000268   0x00000000   Code   RO         9610    .ARM.Collect$$libshutdown$$0000000E  c_w.l(libshutdown2.o)
    0x08000268   0x08000268   0x00000000   Code   RO         9613    .ARM.Collect$$libshutdown$$00000011  c_w.l(libshutdown2.o)
    0x08000268   0x08000268   0x00000002   Code   RO         9614    .ARM.Collect$$libshutdown$$00000012  c_w.l(libshutdown2.o)
    0x0800026a   0x0800026a   0x00000000   Code   RO         9437    .ARM.Collect$$rtentry$$00000000  c_w.l(__rtentry.o)
    0x0800026a   0x0800026a   0x00000000   Code   RO         9452    .ARM.Collect$$rtentry$$00000002  c_w.l(__rtentry2.o)
    0x0800026a   0x0800026a   0x00000006   Code   RO         9464    .ARM.Collect$$rtentry$$00000004  c_w.l(__rtentry4.o)
    0x08000270   0x08000270   0x00000000   Code   RO         9454    .ARM.Collect$$rtentry$$00000009  c_w.l(__rtentry2.o)
    0x08000270   0x08000270   0x00000004   Code   RO         9455    .ARM.Collect$$rtentry$$0000000A  c_w.l(__rtentry2.o)
    0x08000274   0x08000274   0x00000000   Code   RO         9457    .ARM.Collect$$rtentry$$0000000C  c_w.l(__rtentry2.o)
    0x08000274   0x08000274   0x00000008   Code   RO         9458    .ARM.Collect$$rtentry$$0000000D  c_w.l(__rtentry2.o)
    0x0800027c   0x0800027c   0x00000002   Code   RO         9493    .ARM.Collect$$rtexit$$00000000  c_w.l(rtexit.o)
    0x0800027e   0x0800027e   0x00000000   Code   RO         9547    .ARM.Collect$$rtexit$$00000002  c_w.l(rtexit2.o)
    0x0800027e   0x0800027e   0x00000004   Code   RO         9548    .ARM.Collect$$rtexit$$00000003  c_w.l(rtexit2.o)
    0x08000282   0x08000282   0x00000006   Code   RO         9549    .ARM.Collect$$rtexit$$00000004  c_w.l(rtexit2.o)
    0x08000288   0x08000288   0x00000040   Code   RO            4    .text               startup_stm32f40_41xxx.o
    0x080002c8   0x080002c8   0x00000034   Code   RO         4834    .text               cpu_a.o
    0x080002fc   0x080002fc   0x00000002   Code   RO         9356    .text               c_w.l(use_no_semi_2.o)
    0x080002fe   0x080002fe   0x00000002   PAD
    0x08000300   0x08000300   0x00000018   Code   RO         9362    .text               c_w.l(noretval__2printf.o)
    0x08000318   0x08000318   0x0000004e   Code   RO         9366    .text               c_w.l(_printf_pad.o)
    0x08000366   0x08000366   0x00000052   Code   RO         9368    .text               c_w.l(_printf_str.o)
    0x080003b8   0x080003b8   0x00000078   Code   RO         9370    .text               c_w.l(_printf_dec.o)
    0x08000430   0x08000430   0x00000058   Code   RO         9375    .text               c_w.l(_printf_hex_int.o)
    0x08000488   0x08000488   0x00000138   Code   RO         9405    .text               c_w.l(__printf_flags_wp.o)
    0x080005c0   0x080005c0   0x00000058   Code   RO         9419    .text               c_w.l(memcmp.o)
    0x08000618   0x08000618   0x0000003e   Code   RO         9421    .text               c_w.l(strlen.o)
    0x08000656   0x08000656   0x0000008a   Code   RO         9423    .text               c_w.l(rt_memcpy_v6.o)
    0x080006e0   0x080006e0   0x00000044   Code   RO         9425    .text               c_w.l(rt_memclr.o)
    0x08000724   0x08000724   0x0000004e   Code   RO         9427    .text               c_w.l(rt_memclr_w.o)
    0x08000772   0x08000772   0x00000002   PAD
    0x08000774   0x08000774   0x00000080   Code   RO         9429    .text               c_w.l(strcmpv7m.o)
    0x080007f4   0x080007f4   0x00000006   Code   RO         9431    .text               c_w.l(heapauxi.o)
    0x080007fa   0x080007fa   0x00000002   Code   RO         9435    .text               c_w.l(use_no_semi.o)
    0x080007fc   0x080007fc   0x000000b2   Code   RO         9442    .text               c_w.l(_printf_intcommon.o)
    0x080008ae   0x080008ae   0x0000002c   Code   RO         9444    .text               c_w.l(_printf_char.o)
    0x080008da   0x080008da   0x00000002   PAD
    0x080008dc   0x080008dc   0x00000024   Code   RO         9446    .text               c_w.l(_printf_char_file.o)
    0x08000900   0x08000900   0x00000064   Code   RO         9449    .text               c_w.l(rt_memcpy_w.o)
    0x08000964   0x08000964   0x00000030   Code   RO         9468    .text               c_w.l(_printf_char_common.o)
    0x08000994   0x08000994   0x00000008   Code   RO         9470    .text               c_w.l(ferror.o)
    0x0800099c   0x0800099c   0x0000004a   Code   RO         9474    .text               c_w.l(sys_stackheap_outer.o)
    0x080009e6   0x080009e6   0x00000012   Code   RO         9478    .text               c_w.l(exit.o)
    0x080009f8   0x080009f8   0x00000008   Code   RO         9490    .text               c_w.l(libspace.o)
    0x08000a00   0x08000a00   0x00000118   Code   RO         5361    CODE                os_cpu_a.o
    0x08000b18   0x08000b18   0x0000002c   Code   RO         6961    i.AppTaskLed        apptaskled.o
    0x08000b44   0x08000b44   0x000000ec   Code   RO         6581    i.AppTaskStart      apptaskstart.o
    0x08000c30   0x08000c30   0x000001f8   Code   RO         6995    i.AppTaskTcpServer  apptasktcpserver.o
    0x08000e28   0x08000e28   0x00000002   Code   RO         4570    i.App_OS_IdleTaskHook  os_app_hooks.o
    0x08000e2a   0x08000e2a   0x00000002   PAD
    0x08000e2c   0x08000e2c   0x0000008c   Code   RO         4572    i.App_OS_SetAllHooks  os_app_hooks.o
    0x08000eb8   0x08000eb8   0x00000002   Code   RO         4573    i.App_OS_StatTaskHook  os_app_hooks.o
    0x08000eba   0x08000eba   0x00000002   PAD
    0x08000ebc   0x08000ebc   0x00000110   Code   RO         4574    i.App_OS_TaskCreateHook  os_app_hooks.o
    0x08000fcc   0x08000fcc   0x00000002   Code   RO         4575    i.App_OS_TaskDelHook  os_app_hooks.o
    0x08000fce   0x08000fce   0x00000002   Code   RO         4576    i.App_OS_TaskReturnHook  os_app_hooks.o
    0x08000fd0   0x08000fd0   0x00000002   Code   RO         4577    i.App_OS_TaskSwHook  os_app_hooks.o
    0x08000fd2   0x08000fd2   0x00000002   Code   RO         4578    i.App_OS_TimeTickHook  os_app_hooks.o
    0x08000fd4   0x08000fd4   0x0000000e   Code   RO         4451    i.BSP_CPU_ClkFreq   bsp.o
    0x08000fe2   0x08000fe2   0x00000002   Code   RO         4452    i.BSP_Init          bsp.o
    0x08000fe4   0x08000fe4   0x0000001c   Code   RO         4453    i.BSP_Tick_Init     bsp.o
    0x08001000   0x08001000   0x00000004   Code   RO         6865    i.BusFault_Handler  stm32f4xx_it.o
    0x08001004   0x08001004   0x00000010   Code   RO         4670    i.CPU_Init          cpu_core.o
    0x08001014   0x08001014   0x00000084   Code   RO         4671    i.CPU_IntDisMeasInit  cpu_core.o
    0x08001098   0x08001098   0x0000001c   Code   RO         4672    i.CPU_IntDisMeasMaxCalc  cpu_core.o
    0x080010b4   0x080010b4   0x0000002c   Code   RO         4673    i.CPU_IntDisMeasMaxCurGet  cpu_core.o
    0x080010e0   0x080010e0   0x0000002c   Code   RO         4674    i.CPU_IntDisMeasMaxCurReset  cpu_core.o
    0x0800110c   0x0800110c   0x0000002c   Code   RO         4675    i.CPU_IntDisMeasMaxGet  cpu_core.o
    0x08001138   0x08001138   0x00000034   Code   RO         4676    i.CPU_IntDisMeasStart  cpu_core.o
    0x0800116c   0x0800116c   0x00000054   Code   RO         4677    i.CPU_IntDisMeasStop  cpu_core.o
    0x080011c0   0x080011c0   0x00000038   Code   RO         4678    i.CPU_NameClr       cpu_core.o
    0x080011f8   0x080011f8   0x00000008   Code   RO         4680    i.CPU_NameInit      cpu_core.o
    0x08001200   0x08001200   0x00000014   Code   RO         4685    i.CPU_TS_Init       cpu_core.o
    0x08001214   0x08001214   0x0000000c   Code   RO         4687    i.CPU_TS_TmrFreqSet  cpu_core.o
    0x08001220   0x08001220   0x00000034   Code   RO         4530    i.CPU_TS_TmrInit    cpu_bsp.o
    0x08001254   0x08001254   0x0000000c   Code   RO         4531    i.CPU_TS_TmrRd      cpu_bsp.o
    0x08001260   0x08001260   0x00000002   Code   RO         6866    i.DebugMon_Handler  stm32f4xx_it.o
    0x08001262   0x08001262   0x00000002   PAD
    0x08001264   0x08001264   0x0000000c   Code   RO         3885    i.ETH_DMAClearITPendingBit  stm32f4x7_eth.o
    0x08001270   0x08001270   0x00000020   Code   RO         3886    i.ETH_DMAITConfig   stm32f4x7_eth.o
    0x08001290   0x08001290   0x00000024   Code   RO         3887    i.ETH_DMAReceptionCmd  stm32f4x7_eth.o
    0x080012b4   0x080012b4   0x00000064   Code   RO         3888    i.ETH_DMARxDescChainInit  stm32f4x7_eth.o
    0x08001318   0x08001318   0x00000024   Code   RO         3890    i.ETH_DMATransmissionCmd  stm32f4x7_eth.o
    0x0800133c   0x0800133c   0x00000050   Code   RO         3893    i.ETH_DMATxDescChainInit  stm32f4x7_eth.o
    0x0800138c   0x0800138c   0x00000008   Code   RO         3894    i.ETH_DMATxDescChecksumInsertionConfig  stm32f4x7_eth.o
    0x08001394   0x08001394   0x00000016   Code   RO         3899    i.ETH_DeInit        stm32f4x7_eth.o
    0x080013aa   0x080013aa   0x0000001c   Code   RO         3900    i.ETH_Delay         stm32f4x7_eth.o
    0x080013c6   0x080013c6   0x00000002   PAD
    0x080013c8   0x080013c8   0x0000002c   Code   RO         3901    i.ETH_FlushTransmitFIFO  stm32f4x7_eth.o
    0x080013f4   0x080013f4   0x00000018   Code   RO         3908    i.ETH_GetDMAITStatus  stm32f4x7_eth.o
    0x0800140c   0x0800140c   0x0000000a   Code   RO         3912    i.ETH_GetDMARxDescFrameLength  stm32f4x7_eth.o
    0x08001416   0x08001416   0x0000002a   Code   RO         3925    i.ETH_GetRxPktSize  stm32f4x7_eth.o
    0x08001440   0x08001440   0x00000018   Code   RO         3926    i.ETH_GetSoftwareResetStatus  stm32f4x7_eth.o
    0x08001458   0x08001458   0x00000044   Code   RO         6867    i.ETH_IRQHandler    stm32f4xx_it.o
    0x0800149c   0x0800149c   0x0000030c   Code   RO         3931    i.ETH_Init          stm32f4x7_eth.o
    0x080017a8   0x080017a8   0x00000034   Code   RO         3933    i.ETH_MACAddressConfig  stm32f4x7_eth.o
    0x080017dc   0x080017dc   0x00000040   Code   RO         3938    i.ETH_MACReceptionCmd  stm32f4x7_eth.o
    0x0800181c   0x0800181c   0x00000040   Code   RO         3939    i.ETH_MACTransmissionCmd  stm32f4x7_eth.o
    0x0800185c   0x0800185c   0x0000006c   Code   RO         3951    i.ETH_ReadPHYRegister  stm32f4x7_eth.o
    0x080018c8   0x080018c8   0x00000014   Code   RO         3959    i.ETH_SoftwareReset  stm32f4x7_eth.o
    0x080018dc   0x080018dc   0x00000020   Code   RO         3960    i.ETH_Start         stm32f4x7_eth.o
    0x080018fc   0x080018fc   0x000000b2   Code   RO         3962    i.ETH_StructInit    stm32f4x7_eth.o
    0x080019ae   0x080019ae   0x00000002   PAD
    0x080019b0   0x080019b0   0x00000068   Code   RO         3964    i.ETH_WritePHYRegister  stm32f4x7_eth.o
    0x08001a18   0x08001a18   0x00000090   Code   RO         1427    i.GPIO_Init         stm32f4xx_gpio.o
    0x08001aa8   0x08001aa8   0x00000046   Code   RO         1428    i.GPIO_PinAFConfig  stm32f4xx_gpio.o
    0x08001aee   0x08001aee   0x00000004   Code   RO         6868    i.HardFault_Handler  stm32f4xx_it.o
    0x08001af2   0x08001af2   0x00000004   Code   RO         6869    i.MemManage_Handler  stm32f4xx_it.o
    0x08001af6   0x08001af6   0x00000012   Code   RO         5026    i.Mem_Clr           lib_mem.o
    0x08001b08   0x08001b08   0x00000054   Code   RO         5053    i.Mem_Set           lib_mem.o
    0x08001b5c   0x08001b5c   0x00000002   Code   RO         6870    i.NMI_Handler       stm32f4xx_it.o
    0x08001b5e   0x08001b5e   0x00000002   PAD
    0x08001b60   0x08001b60   0x00000078   Code   RO          254    i.NVIC_Init         misc.o
    0x08001bd8   0x08001bd8   0x00000014   Code   RO          255    i.NVIC_PriorityGroupConfig  misc.o
    0x08001bec   0x08001bec   0x00000002   Code   RO         5449    i.OSCfg_Init        os_cfg_app.o
    0x08001bee   0x08001bee   0x00000002   PAD
    0x08001bf0   0x08001bf0   0x00000014   Code   RO         5364    i.OSIdleTaskHook    os_cpu_c.o
    0x08001c04   0x08001c04   0x00000180   Code   RO         5472    i.OSInit            os_core.o
    0x08001d84   0x08001d84   0x00000028   Code   RO         5365    i.OSInitHook        os_cpu_c.o
    0x08001dac   0x08001dac   0x000000dc   Code   RO         5474    i.OSIntExit         os_core.o
    0x08001e88   0x08001e88   0x0000008c   Code   RO         5883    i.OSMutexCreate     os_mutex.o
    0x08001f14   0x08001f14   0x00000224   Code   RO         5885    i.OSMutexPend       os_mutex.o
    0x08002138   0x08002138   0x000001b4   Code   RO         5887    i.OSMutexPost       os_mutex.o
    0x080022ec   0x080022ec   0x00000098   Code   RO         6034    i.OSQCreate         os_q.o
    0x08002384   0x08002384   0x00000154   Code   RO         6035    i.OSQDel            os_q.o
    0x080024d8   0x080024d8   0x0000007c   Code   RO         6036    i.OSQFlush          os_q.o
    0x08002554   0x08002554   0x000001ec   Code   RO         6037    i.OSQPend           os_q.o
    0x08002740   0x08002740   0x00000094   Code   RO         6039    i.OSQPost           os_q.o
    0x080027d4   0x080027d4   0x000000a4   Code   RO         5475    i.OSSched           os_core.o
    0x08002878   0x08002878   0x0000007c   Code   RO         5476    i.OSSchedLock       os_core.o
    0x080028f4   0x080028f4   0x0000006c   Code   RO         5477    i.OSSchedRoundRobinCfg  os_core.o
    0x08002960   0x08002960   0x000000a0   Code   RO         5479    i.OSSchedUnlock     os_core.o
    0x08002a00   0x08002a00   0x00000088   Code   RO         6106    i.OSSemCreate       os_sem.o
    0x08002a88   0x08002a88   0x00000154   Code   RO         6107    i.OSSemDel          os_sem.o
    0x08002bdc   0x08002bdc   0x000001c8   Code   RO         6108    i.OSSemPend         os_sem.o
    0x08002da4   0x08002da4   0x00000070   Code   RO         6110    i.OSSemPost         os_sem.o
    0x08002e14   0x08002e14   0x00000068   Code   RO         5480    i.OSStart           os_core.o
    0x08002e7c   0x08002e7c   0x00000150   Code   RO         6178    i.OSStatReset       os_stat.o
    0x08002fcc   0x08002fcc   0x00000100   Code   RO         6179    i.OSStatTaskCPUUsageInit  os_stat.o
    0x080030cc   0x080030cc   0x00000014   Code   RO         5366    i.OSStatTaskHook    os_cpu_c.o
    0x080030e0   0x080030e0   0x000001c8   Code   RO         6209    i.OSTaskCreate      os_task.o
    0x080032a8   0x080032a8   0x00000018   Code   RO         5367    i.OSTaskCreateHook  os_cpu_c.o
    0x080032c0   0x080032c0   0x000001b0   Code   RO         6210    i.OSTaskDel         os_task.o
    0x08003470   0x08003470   0x00000018   Code   RO         5368    i.OSTaskDelHook     os_cpu_c.o
    0x08003488   0x08003488   0x00000074   Code   RO         6218    i.OSTaskResume      os_task.o
    0x080034fc   0x080034fc   0x00000018   Code   RO         5369    i.OSTaskReturnHook  os_cpu_c.o
    0x08003514   0x08003514   0x000001f8   Code   RO         6219    i.OSTaskSemPend     os_task.o
    0x0800370c   0x0800370c   0x0000003e   Code   RO         6221    i.OSTaskSemPost     os_task.o
    0x0800374a   0x0800374a   0x00000002   PAD
    0x0800374c   0x0800374c   0x000000e4   Code   RO         6223    i.OSTaskStkChk      os_task.o
    0x08003830   0x08003830   0x000002c4   Code   RO         5370    i.OSTaskStkInit     os_cpu_c.o
    0x08003af4   0x08003af4   0x00000038   Code   RO         6224    i.OSTaskSuspend     os_task.o
    0x08003b2c   0x08003b2c   0x000000d4   Code   RO         5371    i.OSTaskSwHook      os_cpu_c.o
    0x08003c00   0x08003c00   0x000000c4   Code   RO         6428    i.OSTimeDly         os_time.o
    0x08003cc4   0x08003cc4   0x0000003c   Code   RO         6431    i.OSTimeGet         os_time.o
    0x08003d00   0x08003d00   0x0000005c   Code   RO         6433    i.OSTimeTick        os_time.o
    0x08003d5c   0x08003d5c   0x00000014   Code   RO         5372    i.OSTimeTickHook    os_cpu_c.o
    0x08003d70   0x08003d70   0x00000040   Code   RO         5373    i.OS_CPU_SysTickHandler  os_cpu_c.o
    0x08003db0   0x08003db0   0x00000030   Code   RO         5374    i.OS_CPU_SysTickInit  os_cpu_c.o
    0x08003de0   0x08003de0   0x000001a8   Code   RO         5706    i.OS_Dbg_Init       os_dbg.o
    0x08003f88   0x08003f88   0x00000018   Code   RO         5731    i.OS_FlagInit       os_flag.o
    0x08003fa0   0x08003fa0   0x0000004c   Code   RO         5482    i.OS_IdleTask       os_core.o
    0x08003fec   0x08003fec   0x00000070   Code   RO         5483    i.OS_IdleTaskInit   os_core.o
    0x0800405c   0x0800405c   0x00000018   Code   RO         5815    i.OS_MemInit        os_mem.o
    0x08004074   0x08004074   0x0000007c   Code   RO         5847    i.OS_MsgPoolInit    os_msg.o
    0x080040f0   0x080040f0   0x00000044   Code   RO         5848    i.OS_MsgQFreeAll    os_msg.o
    0x08004134   0x08004134   0x00000068   Code   RO         5849    i.OS_MsgQGet        os_msg.o
    0x0800419c   0x0800419c   0x0000000e   Code   RO         5850    i.OS_MsgQInit       os_msg.o
    0x080041aa   0x080041aa   0x00000002   PAD
    0x080041ac   0x080041ac   0x00000104   Code   RO         5851    i.OS_MsgQPut        os_msg.o
    0x080042b0   0x080042b0   0x00000030   Code   RO         5889    i.OS_MutexDbgListAdd  os_mutex.o
    0x080042e0   0x080042e0   0x00000008   Code   RO         5891    i.OS_MutexGrpAdd    os_mutex.o
    0x080042e8   0x080042e8   0x00000060   Code   RO         5892    i.OS_MutexGrpPostAll  os_mutex.o
    0x08004348   0x08004348   0x0000002c   Code   RO         5893    i.OS_MutexGrpPrioFindHighest  os_mutex.o
    0x08004374   0x08004374   0x0000001c   Code   RO         5894    i.OS_MutexGrpRemove  os_mutex.o
    0x08004390   0x08004390   0x00000018   Code   RO         5895    i.OS_MutexInit      os_mutex.o
    0x080043a8   0x080043a8   0x00000068   Code   RO         5484    i.OS_Pend           os_core.o
    0x08004410   0x08004410   0x00000028   Code   RO         5487    i.OS_PendDataInit   os_core.o
    0x08004438   0x08004438   0x0000005c   Code   RO         5488    i.OS_PendDbgNameAdd  os_core.o
    0x08004494   0x08004494   0x00000024   Code   RO         5489    i.OS_PendDbgNameRemove  os_core.o
    0x080044b8   0x080044b8   0x0000003a   Code   RO         5490    i.OS_PendListChangePrio  os_core.o
    0x080044f2   0x080044f2   0x0000000a   Code   RO         5491    i.OS_PendListInit   os_core.o
    0x080044fc   0x080044fc   0x00000066   Code   RO         5493    i.OS_PendListInsertPrio  os_core.o
    0x08004562   0x08004562   0x00000034   Code   RO         5494    i.OS_PendListRemove  os_core.o
    0x08004596   0x08004596   0x00000042   Code   RO         5495    i.OS_PendListRemove1  os_core.o
    0x080045d8   0x080045d8   0x000000b8   Code   RO         5496    i.OS_PendObjDel     os_core.o
    0x08004690   0x08004690   0x00000026   Code   RO         5497    i.OS_PendObjDel1    os_core.o
    0x080046b6   0x080046b6   0x000000d6   Code   RO         5498    i.OS_Post           os_core.o
    0x0800478c   0x0800478c   0x0000002c   Code   RO         5499    i.OS_Post1          os_core.o
    0x080047b8   0x080047b8   0x00000028   Code   RO         5997    i.OS_PrioGetHighest  os_prio.o
    0x080047e0   0x080047e0   0x00000018   Code   RO         5998    i.OS_PrioInit       os_prio.o
    0x080047f8   0x080047f8   0x00000024   Code   RO         5999    i.OS_PrioInsert     os_prio.o
    0x0800481c   0x0800481c   0x00000024   Code   RO         6000    i.OS_PrioRemove     os_prio.o
    0x08004840   0x08004840   0x00000030   Code   RO         6040    i.OS_QClr           os_q.o
    0x08004870   0x08004870   0x00000030   Code   RO         6041    i.OS_QDbgListAdd    os_q.o
    0x080048a0   0x080048a0   0x00000030   Code   RO         6042    i.OS_QDbgListRemove  os_q.o
    0x080048d0   0x080048d0   0x00000018   Code   RO         6043    i.OS_QInit          os_q.o
    0x080048e8   0x080048e8   0x000000ca   Code   RO         6044    i.OS_QPost          os_q.o
    0x080049b2   0x080049b2   0x00000002   PAD
    0x080049b4   0x080049b4   0x00000024   Code   RO         5500    i.OS_RdyListInit    os_core.o
    0x080049d8   0x080049d8   0x0000002c   Code   RO         5501    i.OS_RdyListInsert  os_core.o
    0x08004a04   0x08004a04   0x00000040   Code   RO         5502    i.OS_RdyListInsertHead  os_core.o
    0x08004a44   0x08004a44   0x0000003c   Code   RO         5503    i.OS_RdyListInsertTail  os_core.o
    0x08004a80   0x08004a80   0x00000044   Code   RO         5504    i.OS_RdyListMoveHeadToTail  os_core.o
    0x08004ac4   0x08004ac4   0x0000005c   Code   RO         5505    i.OS_RdyListRemove  os_core.o
    0x08004b20   0x08004b20   0x0000001c   Code   RO         5506    i.OS_SchedLockTimeMeasStart  os_core.o
    0x08004b3c   0x08004b3c   0x0000003c   Code   RO         5507    i.OS_SchedLockTimeMeasStop  os_core.o
    0x08004b78   0x08004b78   0x000000ec   Code   RO         5508    i.OS_SchedRoundRobin  os_core.o
    0x08004c64   0x08004c64   0x00000028   Code   RO         6112    i.OS_SemClr         os_sem.o
    0x08004c8c   0x08004c8c   0x00000030   Code   RO         6113    i.OS_SemDbgListAdd  os_sem.o
    0x08004cbc   0x08004cbc   0x00000030   Code   RO         6114    i.OS_SemDbgListRemove  os_sem.o
    0x08004cec   0x08004cec   0x00000018   Code   RO         6115    i.OS_SemInit        os_sem.o
    0x08004d04   0x08004d04   0x0000013e   Code   RO         6116    i.OS_SemPost        os_sem.o
    0x08004e42   0x08004e42   0x00000002   PAD
    0x08004e44   0x08004e44   0x00000324   Code   RO         6180    i.OS_StatTask       os_stat.o
    0x08005168   0x08005168   0x000000cc   Code   RO         6181    i.OS_StatTaskInit   os_stat.o
    0x08005234   0x08005234   0x0000002c   Code   RO         5509    i.OS_TaskBlock      os_core.o
    0x08005260   0x08005260   0x000000ec   Code   RO         6226    i.OS_TaskChangePrio  os_task.o
    0x0800534c   0x0800534c   0x00000030   Code   RO         6227    i.OS_TaskDbgListAdd  os_task.o
    0x0800537c   0x0800537c   0x00000044   Code   RO         6228    i.OS_TaskDbgListRemove  os_task.o
    0x080053c0   0x080053c0   0x00000020   Code   RO         6229    i.OS_TaskInit       os_task.o
    0x080053e0   0x080053e0   0x000000d0   Code   RO         6230    i.OS_TaskInitTCB    os_task.o
    0x080054b0   0x080054b0   0x0000011c   Code   RO         6232    i.OS_TaskResume     os_task.o
    0x080055cc   0x080055cc   0x00000018   Code   RO         6233    i.OS_TaskReturn     os_task.o
    0x080055e4   0x080055e4   0x000001f0   Code   RO         6234    i.OS_TaskSemPost    os_task.o
    0x080057d4   0x080057d4   0x00000138   Code   RO         6235    i.OS_TaskSuspend    os_task.o
    0x0800590c   0x0800590c   0x00000086   Code   RO         6382    i.OS_TickListInsert  os_tick.o
    0x08005992   0x08005992   0x00000002   PAD
    0x08005994   0x08005994   0x000000bc   Code   RO         6383    i.OS_TickListInsertDly  os_tick.o
    0x08005a50   0x08005a50   0x00000058   Code   RO         6384    i.OS_TickListRemove  os_tick.o
    0x08005aa8   0x08005aa8   0x000000a0   Code   RO         6385    i.OS_TickListUpdateDly  os_tick.o
    0x08005b48   0x08005b48   0x0000011c   Code   RO         6386    i.OS_TickListUpdateTimeout  os_tick.o
    0x08005c64   0x08005c64   0x0000006c   Code   RO         6387    i.OS_TickTask       os_tick.o
    0x08005cd0   0x08005cd0   0x000000c8   Code   RO         6388    i.OS_TickTaskInit   os_tick.o
    0x08005d98   0x08005d98   0x00000134   Code   RO         6480    i.OS_TmrInit        os_tmr.o
    0x08005ecc   0x08005ecc   0x00000018   Code   RO         6481    i.OS_TmrLock        os_tmr.o
    0x08005ee4   0x08005ee4   0x00000094   Code   RO         6482    i.OS_TmrTask        os_tmr.o
    0x08005f78   0x08005f78   0x00000044   Code   RO         6483    i.OS_TmrUnlink      os_tmr.o
    0x08005fbc   0x08005fbc   0x00000014   Code   RO         6484    i.OS_TmrUnlock      os_tmr.o
    0x08005fd0   0x08005fd0   0x00000020   Code   RO         1870    i.RCC_AHB1PeriphClockCmd  stm32f4xx_rcc.o
    0x08005ff0   0x08005ff0   0x00000020   Code   RO         1872    i.RCC_AHB1PeriphResetCmd  stm32f4xx_rcc.o
    0x08006010   0x08006010   0x00000020   Code   RO         1882    i.RCC_APB2PeriphClockCmd  stm32f4xx_rcc.o
    0x08006030   0x08006030   0x000000e8   Code   RO         1891    i.RCC_GetClocksFreq  stm32f4xx_rcc.o
    0x08006118   0x08006118   0x00000002   Code   RO         6871    i.SVC_Handler       stm32f4xx_it.o
    0x0800611a   0x0800611a   0x00000002   PAD
    0x0800611c   0x0800611c   0x0000000c   Code   RO         3000    i.SYSCFG_ETH_MediaInterfaceConfig  stm32f4xx_syscfg.o
    0x08006128   0x08006128   0x000000ec   Code   RO           13    i.SetSysClock       system_stm32f4xx.o
    0x08006214   0x08006214   0x00000028   Code   RO          258    i.SysTick_CLKSourceConfig  misc.o
    0x0800623c   0x0800623c   0x00000014   Code   RO         6872    i.SysTick_Handler   stm32f4xx_it.o
    0x08006250   0x08006250   0x0000007c   Code   RO           15    i.SystemInit        system_stm32f4xx.o
    0x080062cc   0x080062cc   0x00000114   Code   RO           16    i.SystemInit_ExtMemCtl  system_stm32f4xx.o
    0x080063e0   0x080063e0   0x00000012   Code   RO         3624    i.USART_ClearFlag   stm32f4xx_usart.o
    0x080063f2   0x080063f2   0x00000018   Code   RO         3628    i.USART_Cmd         stm32f4xx_usart.o
    0x0800640a   0x0800640a   0x00000002   PAD
    0x0800640c   0x0800640c   0x000000d4   Code   RO         3635    i.USART_Init        stm32f4xx_usart.o
    0x080064e0   0x080064e0   0x00000004   Code   RO         6873    i.UsageFault_Handler  stm32f4xx_it.o
    0x080064e4   0x080064e4   0x0000000e   Code   RO         9403    i._is_digit         c_w.l(__printf_wp.o)
    0x080064f2   0x080064f2   0x00000004   Code   RO         4408    i._sys_exit         libc.o
    0x080064f6   0x080064f6   0x000000b6   Code   RO         7176    i.accept_function   api_msg.o
    0x080065ac   0x080065ac   0x000000ac   Code   RO         7467    i.alloc_socket      sockets.o
    0x08006658   0x08006658   0x00000020   Code   RO         8665    i.arp_timer         timers.o
    0x08006678   0x08006678   0x00000074   Code   RO         7177    i.do_bind           api_msg.o
    0x080066ec   0x080066ec   0x000002cc   Code   RO         7179    i.do_close_internal  api_msg.o
    0x080069b8   0x080069b8   0x000001e8   Code   RO         7182    i.do_delconn        api_msg.o
    0x08006ba0   0x08006ba0   0x00000134   Code   RO         7184    i.do_getaddr        api_msg.o
    0x08006cd4   0x08006cd4   0x000000cc   Code   RO         7185    i.do_listen         api_msg.o
    0x08006da0   0x08006da0   0x00000020   Code   RO         7186    i.do_newconn        api_msg.o
    0x08006dc0   0x08006dc0   0x00000048   Code   RO         7187    i.do_recv           api_msg.o
    0x08006e08   0x08006e08   0x00000310   Code   RO         7190    i.do_writemore      api_msg.o
    0x08007118   0x08007118   0x000001b4   Code   RO         7191    i.err_tcp           api_msg.o
    0x080072cc   0x080072cc   0x000001c4   Code   RO         9090    i.etharp_arp_input  etharp.o
    0x08007490   0x08007490   0x000002f4   Code   RO         9093    i.etharp_find_entry  etharp.o
    0x08007784   0x08007784   0x00000078   Code   RO         9094    i.etharp_free_entry  etharp.o
    0x080077fc   0x080077fc   0x0000020c   Code   RO         9095    i.etharp_output     etharp.o
    0x08007a08   0x08007a08   0x00000118   Code   RO         9096    i.etharp_output_to_arp_index  etharp.o
    0x08007b20   0x08007b20   0x0000027c   Code   RO         9097    i.etharp_query      etharp.o
    0x08007d9c   0x08007d9c   0x000001a0   Code   RO         9098    i.etharp_raw        etharp.o
    0x08007f3c   0x08007f3c   0x00000030   Code   RO         9099    i.etharp_request    etharp.o
    0x08007f6c   0x08007f6c   0x000000b4   Code   RO         9100    i.etharp_send_ip    etharp.o
    0x08008020   0x08008020   0x00000094   Code   RO         9101    i.etharp_tmr        etharp.o
    0x080080b4   0x080080b4   0x0000015c   Code   RO         9102    i.etharp_update_arp_entry  etharp.o
    0x08008210   0x08008210   0x00000148   Code   RO         9103    i.ethernet_input    etharp.o
    0x08008358   0x08008358   0x000000ac   Code   RO         9189    i.ethernetif_init   ethernetif.o
    0x08008404   0x08008404   0x00000030   Code   RO         9190    i.ethernetif_input  ethernetif.o
    0x08008434   0x08008434   0x000001f0   Code   RO         7468    i.event_callback    sockets.o
    0x08008624   0x08008624   0x0000001c   Code   RO         4410    i.fputc             libc.o
    0x08008640   0x08008640   0x00000038   Code   RO         7469    i.free_socket       sockets.o
    0x08008678   0x08008678   0x00000030   Code   RO         7470    i.get_socket        sockets.o
    0x080086a8   0x080086a8   0x00000012   Code   RO         8828    i.icmp_dest_unreach  icmp.o
    0x080086ba   0x080086ba   0x00000002   PAD
    0x080086bc   0x080086bc   0x00000338   Code   RO         8829    i.icmp_input        icmp.o
    0x080089f4   0x080089f4   0x00000124   Code   RO         8830    i.icmp_send_response  icmp.o
    0x08008b18   0x08008b18   0x00000012   Code   RO         8831    i.icmp_time_exceeded  icmp.o
    0x08008b2a   0x08008b2a   0x00000014   Code   RO         8881    i.inet_chksum       inet_chksum.o
    0x08008b3e   0x08008b3e   0x00000056   Code   RO         8882    i.inet_chksum_pbuf  inet_chksum.o
    0x08008b94   0x08008b94   0x0000004e   Code   RO         8963    i.ip4_addr_isbroadcast  ip_addr.o
    0x08008be2   0x08008be2   0x00000002   PAD
    0x08008be4   0x08008be4   0x00000240   Code   RO         9020    i.ip_frag           ip_frag.o
    0x08008e24   0x08008e24   0x0000000a   Code   RO         9021    i.ip_frag_alloc_pbuf_custom_ref  ip_frag.o
    0x08008e2e   0x08008e2e   0x00000002   PAD
    0x08008e30   0x08008e30   0x00000090   Code   RO         9022    i.ip_frag_free_pbuf_custom_ref  ip_frag.o
    0x08008ec0   0x08008ec0   0x000001c8   Code   RO         8920    i.ip_input          ip.o
    0x08009088   0x08009088   0x000000b8   Code   RO         8921    i.ip_output         ip.o
    0x08009140   0x08009140   0x00000194   Code   RO         8922    i.ip_output_if      ip.o
    0x080092d4   0x080092d4   0x000001a4   Code   RO         9023    i.ip_reass          ip_frag.o
    0x08009478   0x08009478   0x00000314   Code   RO         9024    i.ip_reass_chain_frag_into_datagram_and_validate  ip_frag.o
    0x0800978c   0x0800978c   0x000000bc   Code   RO         9025    i.ip_reass_dequeue_datagram  ip_frag.o
    0x08009848   0x08009848   0x00000058   Code   RO         9026    i.ip_reass_enqueue_new_datagram  ip_frag.o
    0x080098a0   0x080098a0   0x000001d0   Code   RO         9027    i.ip_reass_free_complete_datagram  ip_frag.o
    0x08009a70   0x08009a70   0x0000007c   Code   RO         9028    i.ip_reass_remove_oldest_datagram  ip_frag.o
    0x08009aec   0x08009aec   0x00000020   Code   RO         8666    i.ip_reass_timer    timers.o
    0x08009b0c   0x08009b0c   0x0000003c   Code   RO         9029    i.ip_reass_tmr      ip_frag.o
    0x08009b48   0x08009b48   0x00000058   Code   RO         8923    i.ip_route          ip.o
    0x08009ba0   0x08009ba0   0x00000014   Code   RO         8967    i.ipaddr_ntoa       ip_addr.o
    0x08009bb4   0x08009bb4   0x000000a8   Code   RO         8968    i.ipaddr_ntoa_r     ip_addr.o
    0x08009c5c   0x08009c5c   0x000000c0   Code   RO         9030    i.ipfrag_free_pbuf_custom  ip_frag.o
    0x08009d1c   0x08009d1c   0x00000034   Code   RO          160    i.led_init          led.o
    0x08009d50   0x08009d50   0x000000a0   Code   RO         9191    i.low_level_init    ethernetif.o
    0x08009df0   0x08009df0   0x000000d4   Code   RO         9192    i.low_level_input   ethernetif.o
    0x08009ec4   0x08009ec4   0x00000090   Code   RO         9193    i.low_level_output  ethernetif.o
    0x08009f54   0x08009f54   0x000002c0   Code   RO         7471    i.lwip_accept       sockets.o
    0x0800a214   0x0800a214   0x00000130   Code   RO         7472    i.lwip_bind         sockets.o
    0x0800a344   0x0800a344   0x000000cc   Code   RO         7473    i.lwip_close        sockets.o
    0x0800a410   0x0800a410   0x0000001a   Code   RO         7776    i.lwip_htonl        def.o
    0x0800a42a   0x0800a42a   0x0000000c   Code   RO         7777    i.lwip_htons        def.o
    0x0800a436   0x0800a436   0x00000024   Code   RO         7830    i.lwip_init         init.o
    0x0800a45a   0x0800a45a   0x00000002   PAD
    0x0800a45c   0x0800a45c   0x0000008c   Code   RO         7482    i.lwip_listen       sockets.o
    0x0800a4e8   0x0800a4e8   0x0000000c   Code   RO         7778    i.lwip_ntohl        def.o
    0x0800a4f4   0x0800a4f4   0x0000000c   Code   RO         7779    i.lwip_ntohs        def.o
    0x0800a500   0x0800a500   0x00000022   Code   RO         7484    i.lwip_recv         sockets.o
    0x0800a522   0x0800a522   0x00000002   PAD
    0x0800a524   0x0800a524   0x00000318   Code   RO         7485    i.lwip_recvfrom     sockets.o
    0x0800a83c   0x0800a83c   0x000000ac   Code   RO         7493    i.lwip_socket       sockets.o
    0x0800a8e8   0x0800a8e8   0x00000002   Code   RO         7494    i.lwip_socket_init  sockets.o
    0x0800a8ea   0x0800a8ea   0x0000005e   Code   RO         8885    i.lwip_standard_chksum  inet_chksum.o
    0x0800a948   0x0800a948   0x00000274   Code   RO         6739    i.main              main.o
    0x0800abbc   0x0800abbc   0x0000016c   Code   RO         7872    i.mem_free          mem.o
    0x0800ad28   0x0800ad28   0x000000f4   Code   RO         7873    i.mem_init          mem.o
    0x0800ae1c   0x0800ae1c   0x0000028c   Code   RO         7874    i.mem_malloc        mem.o
    0x0800b0a8   0x0800b0a8   0x000001f0   Code   RO         7875    i.mem_trim          mem.o
    0x0800b298   0x0800b298   0x000000c4   Code   RO         7921    i.memp_free         memp.o
    0x0800b35c   0x0800b35c   0x00000064   Code   RO         7922    i.memp_init         memp.o
    0x0800b3c0   0x0800b3c0   0x00000104   Code   RO         7923    i.memp_malloc       memp.o
    0x0800b4c4   0x0800b4c4   0x00000020   Code   RO         7376    i.netbuf_delete     netbuf.o
    0x0800b4e4   0x0800b4e4   0x000001b4   Code   RO         7041    i.netconn_accept    api_lib.o
    0x0800b698   0x0800b698   0x00000130   Code   RO         7192    i.netconn_alloc     api_msg.o
    0x0800b7c8   0x0800b7c8   0x000000dc   Code   RO         7042    i.netconn_bind      api_lib.o
    0x0800b8a4   0x0800b8a4   0x00000028   Code   RO         7046    i.netconn_delete    api_lib.o
    0x0800b8cc   0x0800b8cc   0x00000150   Code   RO         7193    i.netconn_drain     api_msg.o
    0x0800ba1c   0x0800ba1c   0x00000180   Code   RO         7194    i.netconn_free      api_msg.o
    0x0800bb9c   0x0800bb9c   0x00000160   Code   RO         7048    i.netconn_getaddr   api_lib.o
    0x0800bcfc   0x0800bcfc   0x000000d4   Code   RO         7049    i.netconn_listen_with_backlog  api_lib.o
    0x0800bdd0   0x0800bdd0   0x0000019c   Code   RO         7050    i.netconn_new_with_proto_and_callback  api_lib.o
    0x0800bf6c   0x0800bf6c   0x000001c4   Code   RO         7051    i.netconn_recv      api_lib.o
    0x0800c130   0x0800c130   0x00000238   Code   RO         7052    i.netconn_recv_data  api_lib.o
    0x0800c368   0x0800c368   0x000000a8   Code   RO         7053    i.netconn_recv_tcp_pbuf  api_lib.o
    0x0800c410   0x0800c410   0x00000034   Code   RO         7054    i.netconn_recved    api_lib.o
    0x0800c444   0x0800c444   0x00000108   Code   RO         7967    i.netif_add         netif.o
    0x0800c54c   0x0800c54c   0x00000002   Code   RO         7969    i.netif_init        netif.o
    0x0800c54e   0x0800c54e   0x00000028   Code   RO         7971    i.netif_set_addr    netif.o
    0x0800c576   0x0800c576   0x00000002   PAD
    0x0800c578   0x0800c578   0x00000010   Code   RO         7972    i.netif_set_default  netif.o
    0x0800c588   0x0800c588   0x00000010   Code   RO         7974    i.netif_set_gw      netif.o
    0x0800c598   0x0800c598   0x00000084   Code   RO         7975    i.netif_set_ipaddr  netif.o
    0x0800c61c   0x0800c61c   0x00000010   Code   RO         7978    i.netif_set_netmask  netif.o
    0x0800c62c   0x0800c62c   0x00000036   Code   RO         7979    i.netif_set_up      netif.o
    0x0800c662   0x0800c662   0x00000002   PAD
    0x0800c664   0x0800c664   0x00000420   Code   RO         8068    i.pbuf_alloc        pbuf.o
    0x0800ca84   0x0800ca84   0x0000010c   Code   RO         8069    i.pbuf_alloced_custom  pbuf.o
    0x0800cb90   0x0800cb90   0x0000014c   Code   RO         8070    i.pbuf_cat          pbuf.o
    0x0800ccdc   0x0800ccdc   0x00000012   Code   RO         8072    i.pbuf_clen         pbuf.o
    0x0800ccee   0x0800ccee   0x00000002   PAD
    0x0800ccf0   0x0800ccf0   0x0000023c   Code   RO         8074    i.pbuf_copy         pbuf.o
    0x0800cf2c   0x0800cf2c   0x00000150   Code   RO         8075    i.pbuf_copy_partial  pbuf.o
    0x0800d07c   0x0800d07c   0x000001c8   Code   RO         8077    i.pbuf_free         pbuf.o
    0x0800d244   0x0800d244   0x00000158   Code   RO         8079    i.pbuf_header       pbuf.o
    0x0800d39c   0x0800d39c   0x000001cc   Code   RO         8082    i.pbuf_realloc      pbuf.o
    0x0800d568   0x0800d568   0x0000001a   Code   RO         8083    i.pbuf_ref          pbuf.o
    0x0800d582   0x0800d582   0x00000002   PAD
    0x0800d584   0x0800d584   0x00000130   Code   RO         7195    i.pcb_new           api_msg.o
    0x0800d6b4   0x0800d6b4   0x000001b8   Code   RO          218    i.phy_init          phy.o
    0x0800d86c   0x0800d86c   0x000001b8   Code   RO         7876    i.plug_holes        mem.o
    0x0800da24   0x0800da24   0x000000e8   Code   RO         7196    i.poll_tcp          api_msg.o
    0x0800db0c   0x0800db0c   0x00000010   Code   RO         8189    i.raw_bind          raw.o
    0x0800db1c   0x0800db1c   0x00000074   Code   RO         8191    i.raw_input         raw.o
    0x0800db90   0x0800db90   0x00000034   Code   RO         8192    i.raw_new           raw.o
    0x0800dbc4   0x0800dbc4   0x00000006   Code   RO         8193    i.raw_recv          raw.o
    0x0800dbca   0x0800dbca   0x00000002   PAD
    0x0800dbcc   0x0800dbcc   0x00000040   Code   RO         8194    i.raw_remove        raw.o
    0x0800dc0c   0x0800dc0c   0x000000a0   Code   RO         7197    i.recv_raw          api_msg.o
    0x0800dcac   0x0800dcac   0x00000190   Code   RO         7198    i.recv_tcp          api_msg.o
    0x0800de3c   0x0800de3c   0x00000188   Code   RO         7199    i.recv_udp          api_msg.o
    0x0800dfc4   0x0800dfc4   0x000000e8   Code   RO         7200    i.sent_tcp          api_msg.o
    0x0800e0ac   0x0800e0ac   0x00000044   Code   RO         7201    i.setup_tcp         api_msg.o
    0x0800e0f0   0x0800e0f0   0x00000098   Code   RO         9235    i.sys_arch_mbox_fetch  sys_arch.o
    0x0800e188   0x0800e188   0x00000012   Code   RO         9236    i.sys_arch_mbox_tryfetch  sys_arch.o
    0x0800e19a   0x0800e19a   0x00000076   Code   RO         9237    i.sys_arch_sem_wait  sys_arch.o
    0x0800e210   0x0800e210   0x00000002   Code   RO         9238    i.sys_init          sys_arch.o
    0x0800e212   0x0800e212   0x00000002   PAD
    0x0800e214   0x0800e214   0x00000094   Code   RO         9239    i.sys_mbox_free     sys_arch.o
    0x0800e2a8   0x0800e2a8   0x000000b0   Code   RO         9240    i.sys_mbox_new      sys_arch.o
    0x0800e358   0x0800e358   0x000000d4   Code   RO         9241    i.sys_mbox_post     sys_arch.o
    0x0800e42c   0x0800e42c   0x00000014   Code   RO         9242    i.sys_mbox_set_invalid  sys_arch.o
    0x0800e440   0x0800e440   0x00000034   Code   RO         9243    i.sys_mbox_trypost  sys_arch.o
    0x0800e474   0x0800e474   0x00000024   Code   RO         9244    i.sys_mbox_valid    sys_arch.o
    0x0800e498   0x0800e498   0x00000090   Code   RO         9246    i.sys_sem_free      sys_arch.o
    0x0800e528   0x0800e528   0x000000ac   Code   RO         9247    i.sys_sem_new       sys_arch.o
    0x0800e5d4   0x0800e5d4   0x00000014   Code   RO         9248    i.sys_sem_set_invalid  sys_arch.o
    0x0800e5e8   0x0800e5e8   0x00000090   Code   RO         9249    i.sys_sem_signal    sys_arch.o
    0x0800e678   0x0800e678   0x00000028   Code   RO         9250    i.sys_sem_valid     sys_arch.o
    0x0800e6a0   0x0800e6a0   0x0000009c   Code   RO         9251    i.sys_thread_new    sys_arch.o
    0x0800e73c   0x0800e73c   0x0000014c   Code   RO         8667    i.sys_timeout       timers.o
    0x0800e888   0x0800e888   0x00000024   Code   RO         8668    i.sys_timeouts_init  timers.o
    0x0800e8ac   0x0800e8ac   0x00000088   Code   RO         8669    i.sys_timeouts_mbox_fetch  timers.o
    0x0800e934   0x0800e934   0x00000060   Code   RO         8670    i.sys_untimeout     timers.o
    0x0800e994   0x0800e994   0x00000138   Code   RO         8275    i.tcp_abandon       tcp.o
    0x0800eacc   0x0800eacc   0x0000000e   Code   RO         8276    i.tcp_abort         tcp.o
    0x0800eada   0x0800eada   0x00000004   Code   RO         8277    i.tcp_accept        tcp.o
    0x0800eade   0x0800eade   0x00000008   Code   RO         8278    i.tcp_accept_null   tcp.o
    0x0800eae6   0x0800eae6   0x00000002   PAD
    0x0800eae8   0x0800eae8   0x000000c4   Code   RO         8279    i.tcp_alloc         tcp.o
    0x0800ebac   0x0800ebac   0x00000004   Code   RO         8280    i.tcp_arg           tcp.o
    0x0800ebb0   0x0800ebb0   0x0000012c   Code   RO         8281    i.tcp_bind          tcp.o
    0x0800ecdc   0x0800ecdc   0x0000001c   Code   RO         8282    i.tcp_close         tcp.o
    0x0800ecf8   0x0800ecf8   0x00000250   Code   RO         8283    i.tcp_close_shutdown  tcp.o
    0x0800ef48   0x0800ef48   0x000000b8   Code   RO         8563    i.tcp_create_segment  tcp_out.o
    0x0800f000   0x0800f000   0x0000002e   Code   RO         8286    i.tcp_eff_send_mss  tcp.o
    0x0800f02e   0x0800f02e   0x00000002   PAD
    0x0800f030   0x0800f030   0x000002a8   Code   RO         8564    i.tcp_enqueue_flags  tcp_out.o
    0x0800f2d8   0x0800f2d8   0x000000a4   Code   RO         8287    i.tcp_err           tcp.o
    0x0800f37c   0x0800f37c   0x00000080   Code   RO         8288    i.tcp_fasttmr       tcp.o
    0x0800f3fc   0x0800f3fc   0x00000002   Code   RO         8289    i.tcp_init          tcp.o
    0x0800f3fe   0x0800f3fe   0x00000002   PAD
    0x0800f400   0x0800f400   0x000006c0   Code   RO         8508    i.tcp_input         tcp_in.o
    0x0800fac0   0x0800fac0   0x00000054   Code   RO         8565    i.tcp_keepalive     tcp_out.o
    0x0800fb14   0x0800fb14   0x00000058   Code   RO         8290    i.tcp_kill_prio     tcp.o
    0x0800fb6c   0x0800fb6c   0x00000040   Code   RO         8291    i.tcp_kill_timewait  tcp.o
    0x0800fbac   0x0800fbac   0x0000013c   Code   RO         8509    i.tcp_listen_input  tcp_in.o
    0x0800fce8   0x0800fce8   0x00000164   Code   RO         8292    i.tcp_listen_with_backlog  tcp.o
    0x0800fe4c   0x0800fe4c   0x0000000a   Code   RO         8293    i.tcp_new           tcp.o
    0x0800fe56   0x0800fe56   0x00000002   PAD
    0x0800fe58   0x0800fe58   0x00000068   Code   RO         8294    i.tcp_new_port      tcp.o
    0x0800fec0   0x0800fec0   0x0000001c   Code   RO         8295    i.tcp_next_iss      tcp.o
    0x0800fedc   0x0800fedc   0x00000288   Code   RO         8566    i.tcp_output        tcp_out.o
    0x08010164   0x08010164   0x0000011c   Code   RO         8567    i.tcp_output_alloc_header  tcp_out.o
    0x08010280   0x08010280   0x000000d8   Code   RO         8568    i.tcp_output_segment  tcp_out.o
    0x08010358   0x08010358   0x000000d0   Code   RO         8510    i.tcp_parseopt      tcp_in.o
    0x08010428   0x08010428   0x000000fc   Code   RO         8569    i.tcp_pbuf_prealloc  tcp_out.o
    0x08010524   0x08010524   0x00000058   Code   RO         8296    i.tcp_pcb_purge     tcp.o
    0x0801057c   0x0801057c   0x00000144   Code   RO         8297    i.tcp_pcb_remove    tcp.o
    0x080106c0   0x080106c0   0x000000a4   Code   RO         8298    i.tcp_poll          tcp.o
    0x08010764   0x08010764   0x0000069c   Code   RO         8511    i.tcp_process       tcp_in.o
    0x08010e00   0x08010e00   0x00000094   Code   RO         8299    i.tcp_process_refused_data  tcp.o
    0x08010e94   0x08010e94   0x0000092c   Code   RO         8512    i.tcp_receive       tcp_in.o
    0x080117c0   0x080117c0   0x000000a4   Code   RO         8300    i.tcp_recv          tcp.o
    0x08011864   0x08011864   0x0000002e   Code   RO         8301    i.tcp_recv_null     tcp.o
    0x08011892   0x08011892   0x00000002   PAD
    0x08011894   0x08011894   0x00000120   Code   RO         8302    i.tcp_recved        tcp.o
    0x080119b4   0x080119b4   0x0000005a   Code   RO         8570    i.tcp_rexmit        tcp_out.o
    0x08011a0e   0x08011a0e   0x00000078   Code   RO         8571    i.tcp_rexmit_fast   tcp_out.o
    0x08011a86   0x08011a86   0x0000003a   Code   RO         8572    i.tcp_rexmit_rto    tcp_out.o
    0x08011ac0   0x08011ac0   0x00000124   Code   RO         8573    i.tcp_rst           tcp_out.o
    0x08011be4   0x08011be4   0x0000001a   Code   RO         8303    i.tcp_seg_free      tcp.o
    0x08011bfe   0x08011bfe   0x00000018   Code   RO         8304    i.tcp_segs_free     tcp.o
    0x08011c16   0x08011c16   0x00000056   Code   RO         8574    i.tcp_send_empty_ack  tcp_out.o
    0x08011c6c   0x08011c6c   0x0000004a   Code   RO         8575    i.tcp_send_fin      tcp_out.o
    0x08011cb6   0x08011cb6   0x00000002   PAD
    0x08011cb8   0x08011cb8   0x000000a4   Code   RO         8305    i.tcp_sent          tcp.o
    0x08011d5c   0x08011d5c   0x00000062   Code   RO         8307    i.tcp_shutdown      tcp.o
    0x08011dbe   0x08011dbe   0x00000002   PAD
    0x08011dc0   0x08011dc0   0x000005f8   Code   RO         8308    i.tcp_slowtmr       tcp.o
    0x080123b8   0x080123b8   0x00000038   Code   RO         8671    i.tcp_timer_needed  timers.o
    0x080123f0   0x080123f0   0x000000ac   Code   RO         8513    i.tcp_timewait_input  tcp_in.o
    0x0801249c   0x0801249c   0x00000024   Code   RO         8309    i.tcp_tmr           tcp.o
    0x080124c0   0x080124c0   0x000000d8   Code   RO         8310    i.tcp_update_rcv_ann_wnd  tcp.o
    0x08012598   0x08012598   0x00000720   Code   RO         8576    i.tcp_write         tcp_out.o
    0x08012cb8   0x08012cb8   0x00000188   Code   RO         8577    i.tcp_write_checks  tcp_out.o
    0x08012e40   0x08012e40   0x000000b4   Code   RO         8578    i.tcp_zero_window_probe  tcp_out.o
    0x08012ef4   0x08012ef4   0x00000040   Code   RO         7674    i.tcpip_apimsg      tcpip.o
    0x08012f34   0x08012f34   0x000000e0   Code   RO         7678    i.tcpip_init        tcpip.o
    0x08013014   0x08013014   0x0000004c   Code   RO         7679    i.tcpip_input       tcpip.o
    0x08013060   0x08013060   0x00000038   Code   RO         8672    i.tcpip_tcp_timer   timers.o
    0x08013098   0x08013098   0x00000168   Code   RO         7680    i.tcpip_thread      tcpip.o
    0x08013200   0x08013200   0x00000110   Code   RO         8731    i.udp_bind          udp.o
    0x08013310   0x08013310   0x00000002   Code   RO         8734    i.udp_init          udp.o
    0x08013312   0x08013312   0x00000002   PAD
    0x08013314   0x08013314   0x00000250   Code   RO         8735    i.udp_input         udp.o
    0x08013564   0x08013564   0x0000001c   Code   RO         8736    i.udp_new           udp.o
    0x08013580   0x08013580   0x00000058   Code   RO         8737    i.udp_new_port      udp.o
    0x080135d8   0x080135d8   0x00000006   Code   RO         8738    i.udp_recv          udp.o
    0x080135de   0x080135de   0x00000002   PAD
    0x080135e0   0x080135e0   0x00000040   Code   RO         8739    i.udp_remove        udp.o
    0x08013620   0x08013620   0x000000a4   Code   RO          191    i.usart1_init       usart1.o
    0x080136c4   0x080136c4   0x0000000a   Code   RO         9559    x$fpl$fpinit        fz_wm.l(fpinit.o)
    0x080136ce   0x080136ce   0x00000002   PAD
    0x080136d0   0x080136d0   0x00000094   Data   RO         5451    .constdata          os_cfg_app.o
    0x08013764   0x08013764   0x0000016c   Data   RO         5707    .constdata          os_dbg.o
    0x080138d0   0x080138d0   0x00000040   Data   RO         7498    .constdata          sockets.o
    0x08013910   0x08013910   0x00000038   Data   RO         7926    .constdata          memp.o
    0x08013948   0x08013948   0x00000050   Data   RO         8311    .constdata          tcp.o
    0x08013998   0x08013998   0x0000000c   Data   RO         9105    .constdata          etharp.o
    0x080139a4   0x080139a4   0x00000004   Data   RO         9253    .constdata          sys_arch.o
    0x080139a8   0x080139a8   0x00000028   Data   RO         9376    .constdata          c_w.l(_printf_hex_int.o)
    0x080139d0   0x080139d0   0x00000011   Data   RO         9406    .constdata          c_w.l(__printf_flags_wp.o)
    0x080139e1   0x080139e1   0x00000003   PAD
    0x080139e4   0x080139e4   0x00000049   Data   RO         6741    .conststring        main.o
    0x08013a2d   0x08013a2d   0x00000003   PAD
    0x08013a30   0x08013a30   0x00000075   Data   RO         8312    .conststring        tcp.o
    0x08013aa5   0x08013aa5   0x00000003   PAD
    0x08013aa8   0x08013aa8   0x00000055   Data   RO         8579    .conststring        tcp_out.o
    0x08013afd   0x08013afd   0x00000003   PAD
    0x08013b00   0x08013b00   0x00000044   Data   RO         9106    .conststring        etharp.o
    0x08013b44   0x08013b44   0x00000020   Data   RO         9615    Region$$Table       anon$$obj.o


    Execution Region RW_IRAM1 (Exec base: 0x20000000, Load base: 0x08013b64, Size: 0x00003250, Max: 0x00020000, ABSOLUTE, COMPRESSED[0x0000001c])

    Exec Addr    Load Addr    Size         Type   Attr      Idx    E Section Name        Object

    0x20000000   COMPRESSED   0x00000010   Data   RW         1923    .data               stm32f4xx_rcc.o
    0x20000010   COMPRESSED   0x00000010   Data   RW         3970    .data               stm32f4x7_eth.o
    0x20000020   COMPRESSED   0x00000004   Data   RW         4411    .data               libc.o
    0x20000024   COMPRESSED   0x0000001c   Data   RW         4691    .data               cpu_core.o
    0x20000040   COMPRESSED   0x00000004   Data   RW         5375    .data               os_cpu_c.o
    0x20000044   COMPRESSED   0x00000008   Data   RW         6001    .data               os_prio.o
    0x2000004c   COMPRESSED   0x000000d4   Data   RW         6565    .data               os_var.o
    0x20000120   COMPRESSED   0x00000008   Data   RW         6997    .data               apptasktcpserver.o
    0x20000128   COMPRESSED   0x00000008   Data   RW         7499    .data               sockets.o
    0x20000130   COMPRESSED   0x00000008   Data   RW         7685    .data               tcpip.o
    0x20000138   COMPRESSED   0x0000000c   Data   RW         7879    .data               mem.o
    0x20000144   COMPRESSED   0x00000009   Data   RW         7980    .data               netif.o
    0x2000014d   COMPRESSED   0x00000003   PAD
    0x20000150   COMPRESSED   0x00000004   Data   RW         8197    .data               raw.o
    0x20000154   COMPRESSED   0x00000024   Data   RW         8313    .data               tcp.o
    0x20000178   COMPRESSED   0x00000020   Data   RW         8515    .data               tcp_in.o
    0x20000198   COMPRESSED   0x00000008   Data   RW         8673    .data               timers.o
    0x200001a0   COMPRESSED   0x00000008   Data   RW         8743    .data               udp.o
    0x200001a8   COMPRESSED   0x00000012   Data   RW         8924    .data               ip.o
    0x200001ba   COMPRESSED   0x00000002   PAD
    0x200001bc   COMPRESSED   0x00000006   Data   RW         9031    .data               ip_frag.o
    0x200001c2   COMPRESSED   0x00000001   Data   RW         9107    .data               etharp.o
    0x200001c3   COMPRESSED   0x00000200   Data   RW         6998    .exsram.TcpServerBuffer  apptasktcpserver.o
    0x200003c3   COMPRESSED   0x00000001   PAD
    0x200003c4        -       0x0000000c   Zero   RW         3969    .bss                stm32f4x7_eth.o
    0x200003d0        -       0x00000010   Zero   RW         4689    .bss                cpu_core.o
    0x200003e0        -       0x00000f60   Zero   RW         5450    .bss                os_cfg_app.o
    0x20001340        -       0x0000066c   Zero   RW         6564    .bss                os_var.o
    0x200019ac        -       0x000004cc   Zero   RW         6582    .bss                apptaskstart.o
    0x20001e78        -       0x00000034   Zero   RW         6740    .bss                main.o
    0x20001eac        -       0x000001cc   Zero   RW         6962    .bss                apptaskled.o
    0x20002078        -       0x000004cc   Zero   RW         6996    .bss                apptasktcpserver.o
    0x20002544        -       0x00000060   Zero   RW         7497    .bss                sockets.o
    0x200025a4        -       0x00000030   Zero   RW         7684    .bss                tcpip.o
    0x200025d4        -       0x00000028   Zero   RW         7878    .bss                mem.o
    0x200025fc        -       0x00000038   Zero   RW         7925    .bss                memp.o
    0x20002634        -       0x00000014   Zero   RW         8514    .bss                tcp_in.o
    0x20002648        -       0x00000010   Zero   RW         8969    .bss                ip_addr.o
    0x20002658        -       0x000000c8   Zero   RW         9104    .bss                etharp.o
    0x20002720        -       0x000004cc   Zero   RW         9252    .bss                sys_arch.o
    0x20002bec        -       0x00000060   Zero   RW         9491    .bss                c_w.l(libspace.o)
    0x20002c4c   COMPRESSED   0x00000004   PAD
    0x20002c50        -       0x00000200   Zero   RW            2    HEAP                startup_stm32f40_41xxx.o
    0x20002e50        -       0x00000400   Zero   RW            1    STACK               startup_stm32f40_41xxx.o



  Load Region LR$$.ARM.__AT_0x68000000 (Base: 0x68000000, Size: 0x00000000, Max: 0x00000140, ABSOLUTE)

    Execution Region ER$$.ARM.__AT_0x68000000 (Exec base: 0x68000000, Load base: 0x68000000, Size: 0x00000140, Max: 0x00000140, ABSOLUTE, UNINIT)

    Exec Addr    Load Addr    Size         Type   Attr      Idx    E Section Name        Object

    0x68000000        -       0x00000140   Zero   RW         3965    .ARM.__AT_0x68000000  stm32f4x7_eth.o



  Load Region LR$$.ARM.__AT_0x68000140 (Base: 0x68000140, Size: 0x00000000, Max: 0x00000050, ABSOLUTE)

    Execution Region ER$$.ARM.__AT_0x68000140 (Exec base: 0x68000140, Load base: 0x68000140, Size: 0x00000050, Max: 0x00000050, ABSOLUTE, UNINIT)

    Exec Addr    Load Addr    Size         Type   Attr      Idx    E Section Name        Object

    0x68000140        -       0x00000050   Zero   RW         3966    .ARM.__AT_0x68000140  stm32f4x7_eth.o



  Load Region LR$$.ARM.__AT_0x68000190 (Base: 0x68000190, Size: 0x00000000, Max: 0x00007710, ABSOLUTE)

    Execution Region ER$$.ARM.__AT_0x68000190 (Exec base: 0x68000190, Load base: 0x68000190, Size: 0x00007710, Max: 0x00007710, ABSOLUTE, UNINIT)

    Exec Addr    Load Addr    Size         Type   Attr      Idx    E Section Name        Object

    0x68000190        -       0x00007710   Zero   RW         3967    .ARM.__AT_0x68000190  stm32f4x7_eth.o



  Load Region LR$$.ARM.__AT_0x680078A0 (Base: 0x680078a0, Size: 0x00000000, Max: 0x00001dc4, ABSOLUTE)

    Execution Region ER$$.ARM.__AT_0x680078A0 (Exec base: 0x680078a0, Load base: 0x680078a0, Size: 0x00001dc4, Max: 0x00001dc4, ABSOLUTE, UNINIT)

    Exec Addr    Load Addr    Size         Type   Attr      Idx    E Section Name        Object

    0x680078a0        -       0x00001dc4   Zero   RW         3968    .ARM.__AT_0x680078A0  stm32f4x7_eth.o



  Load Region LR$$.ARM.__AT_0x68009664 (Base: 0x68009664, Size: 0x00000000, Max: 0x00003e94, ABSOLUTE)

    Execution Region ER$$.ARM.__AT_0x68009664 (Exec base: 0x68009664, Load base: 0x68009664, Size: 0x00003e94, Max: 0x00003e94, ABSOLUTE, UNINIT)

    Exec Addr    Load Addr    Size         Type   Attr      Idx    E Section Name        Object

    0x68009664        -       0x00003e94   Zero   RW         7877    .ARM.__AT_0x68009664  mem.o



  Load Region LR$$.ARM.__AT_0x6800D4F8 (Base: 0x6800d4f8, Size: 0x00000000, Max: 0x00003948, ABSOLUTE)

    Execution Region ER$$.ARM.__AT_0x6800D4F8 (Exec base: 0x6800d4f8, Load base: 0x6800d4f8, Size: 0x00003948, Max: 0x00003948, ABSOLUTE, UNINIT)

    Exec Addr    Load Addr    Size         Type   Attr      Idx    E Section Name        Object

    0x6800d4f8        -       0x00003947   Zero   RW         7924    .ARM.__AT_0x6800D4F8  memp.o


==============================================================================

Image component sizes


      Code (inc. data)   RO Data    RW Data    ZI Data      Debug   Object Name

      2912       1366          0          0          0      19886   api_lib.o
      6150       2268          0          0          0      26953   api_msg.o
        44          6          0          0        460       1279   apptaskled.o
       236         62          0          0       1228      32265   apptaskstart.o
       504        192          0        520       1228       1895   apptasktcpserver.o
        44          4          0          0          0      20693   bsp.o
        52          0          0          0          0        368   cpu_a.o
        64         14          0          0          0      10796   cpu_bsp.o
       540         98          0         28         16       9952   cpu_core.o
        62          0          0          0          0       2308   def.o
      4236       1354         80          1        200      14017   etharp.o
       736        152          0          0          0       4409   ethernetif.o
      1152        464          0          0          0       4142   icmp.o
       200          0          0          0          0       2937   inet_chksum.o
        36          0          0          0          0       1272   init.o
      1132        282          0         18          0       7669   ip.o
       266          4          0          0         16       8832   ip_addr.o
      3054        978          0          6          0      11104   ip_frag.o
        52          4          0          0          0        535   led.o
       102          0          0          0          0      13136   lib_mem.o
        32          6          0          4          0       3138   libc.o
       628        240         73          0         52       6868   main.o
      2196        956          0         12      16060       5713   mem.o
       556        294         56          0      14719       3782   memp.o
       180         24          0          0          0       2505   misc.o
        32          0          0          0          0       6024   netbuf.o
       540        132          0          9          0       7954   netif.o
       424        266          0          0          0      22942   os_app_hooks.o
         2          0        148          0       3936      19887   os_cfg_app.o
      3224        398          0          0          0      23953   os_core.o
       280         14          0          0          0        460   os_cpu_a.o
      1204        170          0          4          0      27903   os_cpu_c.o
       424        278        364          0          0       4973   os_dbg.o
        24         10          0          0          0       1090   os_flag.o
        24         10          0          0          0       1077   os_mem.o
       570         32          0          0          0       4570   os_msg.o
      1372         66          0          0          0       7867   os_mutex.o
       136         16          0          8          0       3238   os_prio.o
      1626         92          0          0          0       9497   os_q.o
      1522         84          0          0          0       8700   os_sem.o
      1600        198          0          0          0       4383   os_stat.o
      3562        192          0          0          0      15017   os_task.o
      1162         88          0          0          0       6371   os_tick.o
       348         42          0          0          0       2641   os_time.o
       568        142          0          0          0       3937   os_tmr.o
         0          0          0        212       1644      18304   os_var.o
      3868       1664          0          0          0       9922   pbuf.o
       440         26          0          0          0      37123   phy.o
       254         24          0          4          0       4197   raw.o
      3124        720         64          8         96      23269   sockets.o
        64         26        392          0       1536        988   startup_stm32f40_41xxx.o
      1900        150          0         16      38512      17444   stm32f4x7_eth.o
       214          0          0          0          0       2131   stm32f4xx_gpio.o
       110         16          0          0          0       4374   stm32f4xx_it.o
       328         36          0         16          0       5187   stm32f4xx_rcc.o
        12          6          0          0          0        646   stm32f4xx_syscfg.o
       254          8          0          0          0       3055   stm32f4xx_usart.o
      1610        688          4          0       1228      12983   sys_arch.o
       636         96          0          0          0     274609   system_stm32f4xx.o
      5762       2020        197         36          0      33829   tcp.o
      6464       1196          0         32         20      17327   tcp_in.o
      5464       1542         85          0          0      16259   tcp_out.o
       724        296          0          8         48      10330   tcpip.o
       776        222          0          8          0       6375   timers.o
      1052        252          0          8          0       7415   udp.o
       164         10          0          0          0        718   usart1.o

    ----------------------------------------------------------------------
     77098      19996       1504        964      81000     905423   Object Totals
         0          0         32          0          0          0   (incl. Generated)
        68          0          9          6          1          0   (incl. Padding)

    ----------------------------------------------------------------------

      Code (inc. data)   RO Data    RW Data    ZI Data      Debug   Library Member Name

        90          0          0          0          0          0   __dczerorl2.o
         8          0          0          0          0         68   __main.o
       312          4         17          0          0         92   __printf_flags_wp.o
        14          0          0          0          0         68   __printf_wp.o
         0          0          0          0          0          0   __rtentry.o
        12          0          0          0          0          0   __rtentry2.o
         6          0          0          0          0          0   __rtentry4.o
        52          8          0          0          0          0   __scatter.o
        28          0          0          0          0          0   __scatter_zi.o
         6          0          0          0          0          0   _printf_c.o
        44          0          0          0          0        108   _printf_char.o
        48          6          0          0          0         96   _printf_char_common.o
        36          4          0          0          0         80   _printf_char_file.o
         6          0          0          0          0          0   _printf_d.o
       120         16          0          0          0         92   _printf_dec.o
        88          4         40          0          0         88   _printf_hex_int.o
       178          0          0          0          0         88   _printf_intcommon.o
        78          0          0          0          0        108   _printf_pad.o
         0          0          0          0          0          0   _printf_percent.o
         4          0          0          0          0          0   _printf_percent_end.o
         6          0          0          0          0          0   _printf_s.o
        82          0          0          0          0         80   _printf_str.o
         6          0          0          0          0          0   _printf_u.o
         6          0          0          0          0          0   _printf_x.o
        18          0          0          0          0         80   exit.o
         8          0          0          0          0         68   ferror.o
         6          0          0          0          0        152   heapauxi.o
         2          0          0          0          0          0   libinit.o
         6          0          0          0          0          0   libinit2.o
         2          0          0          0          0          0   libshutdown.o
         2          0          0          0          0          0   libshutdown2.o
         8          4          0          0         96         68   libspace.o
        88          0          0          0          0         76   memcmp.o
        24          4          0          0          0         84   noretval__2printf.o
        68          0          0          0          0         68   rt_memclr.o
        78          0          0          0          0         80   rt_memclr_w.o
       138          0          0          0          0         68   rt_memcpy_v6.o
       100          0          0          0          0         80   rt_memcpy_w.o
         2          0          0          0          0          0   rtexit.o
        10          0          0          0          0          0   rtexit2.o
       128          0          0          0          0         68   strcmpv7m.o
        62          0          0          0          0         76   strlen.o
        74          0          0          0          0         80   sys_stackheap_outer.o
         2          0          0          0          0         68   use_no_semi.o
         2          0          0          0          0         68   use_no_semi_2.o
        10          0          0          0          0        116   fpinit.o

    ----------------------------------------------------------------------
      2078         50         60          0        100       2268   Library Totals
        10          0          3          0          4          0   (incl. Padding)

    ----------------------------------------------------------------------

      Code (inc. data)   RO Data    RW Data    ZI Data      Debug   Library Name

      2058         50         57          0         96       2152   c_w.l
        10          0          0          0          0        116   fz_wm.l

    ----------------------------------------------------------------------
      2078         50         60          0        100       2268   Library Totals

    ----------------------------------------------------------------------

==============================================================================


      Code (inc. data)   RO Data    RW Data    ZI Data      Debug   

     79176      20046       1564        964      81100     865747   Grand Totals
     79176      20046       1564         28      81100     865747   ELF Image Totals (compressed)
     79176      20046       1564         28          0          0   ROM Totals

==============================================================================

    Total RO  Size (Code + RO Data)                80740 (  78.85kB)
    Total RW  Size (RW Data + ZI Data)             82064 (  80.14kB)
    Total ROM Size (Code + RO Data + RW Data)      80768 (  78.88kB)

==============================================================================

