<html>
<body>
<pre>
<h1>µVision Build Log</h1>
<h2>Tool Versions:</h2>
IDE-Version: ¦ÌVision V5.36.0.0
Copyright (C) 2021 ARM Ltd and ARM Germany GmbH. All rights reserved.
License Information: Wang MC, GDUT, LIC=D0D7S-L3KP6-309NC-75ECH-9PM12-Q7ZLH
 
Tool Versions:
Toolchain:       MDK-ARM Plus  Version: 5.36.0.0
Toolchain Path:  D:\Program Files\Keil\ARM\ARMCC\Bin
C Compiler:      Armcc.exe V5.06 update 7 (build 960)
Assembler:       Armasm.exe V5.06 update 7 (build 960)
Linker/Locator:  ArmLink.exe V5.06 update 7 (build 960)
Library Manager: ArmAr.exe V5.06 update 7 (build 960)
Hex Converter:   FromElf.exe V5.06 update 7 (build 960)
CPU DLL:         SARMCM3.DLL V5.36.0.0
Dialog DLL:      DCM.DLL V1.17.3.0
Target DLL:      Segger\JL2CM3.dll V2.99.40.0
Dialog DLL:      TCM.DLL V1.53.0.0
 
<h2>Project:</h2>
C:\Users\WangMC\Desktop\LwIPÒÆÖ²\LwIP\Projects\MDK_ARM\LwIP.uvprojx
Project File Date:  11/26/2024

<h2>Output:</h2>
*** Using Compiler 'V5.06 update 7 (build 960)', folder: 'D:\Program Files\Keil\ARM\ARMCC\Bin'
Rebuild target 'LwIP'
assembling startup_stm32f40_41xxx.s...
compiling system_stm32f4xx.c...
compiling stm32f4xx_adc.c...
compiling stm32f4xx_gpio.c...
compiling led.c...
compiling misc.c...
compiling stm32f4xx_dma.c...
compiling stm32f4xx_flash.c...
compiling stm32f4xx_dac.c...
compiling stm32f4xx_exti.c...
compiling stm32f4xx_can.c...
compiling usart1.c...
compiling phy.c...
compiling stm32f4xx_fsmc.c...
compiling stm32f4xx_i2c.c...
compiling stm32f4xx_pwr.c...
compiling cpu_bsp.c...
compiling cpu_core.c...
compiling stm32f4xx_rcc.c...
assembling cpu_a.asm...
compiling stm32f4xx_rng.c...
compiling stm32f4xx_rtc.c...
compiling stm32f4xx_sdio.c...
compiling stm32f4xx_syscfg.c...
compiling stm32f4xx_spi.c...
compiling stm32f4xx_tim.c...
compiling cpu_c.c...
compiling stm32f4xx_wwdg.c...
compiling lib_ascii.c...
compiling stm32f4xx_usart.c...
compiling lib_math.c...
compiling libc.c...
compiling lib_mem.c...
assembling lib_mem_a.asm...
compiling lib_str.c...
assembling os_cpu_a.asm...
compiling stm32f4x7_eth.c...
compiling bsp.c...
compiling os_cpu_c.c...
compiling os_cfg_app.c...
compiling os_core.c...
compiling os_dbg.c...
compiling os_int.c...
compiling os_app_hooks.c...
compiling os_flag.c...
compiling os_mem.c...
compiling os_msg.c...
compiling os_mutex.c...
compiling os_pend_multi.c...
compiling os_prio.c...
compiling os_q.c...
compiling os_sem.c...
compiling os_stat.c...
compiling os_task.c...
compiling os_tick.c...
compiling os_time.c...
compiling os_tmr.c...
compiling os_var.c...
compiling api_lib.c...
compiling err.c...
compiling api_msg.c...
compiling netbuf.c...
compiling netdb.c...
compiling netifapi.c...
compiling tcpip.c...
compiling def.c...
compiling dhcp.c...
compiling sockets.c...
compiling dns.c...
compiling init.c...
compiling mem.c...
compiling memp.c...
compiling netif.c...
compiling pbuf.c...
compiling raw.c...
compiling stats.c...
compiling AppTaskLed.c...
compiling sys.c...
compiling AppTaskStart.c...
compiling tcp.c...
compiling main.c...
compiling stm32f4xx_it.c...
compiling tcp_in.c...
compiling timers.c...
compiling tcp_out.c...
compiling udp.c...
compiling AppTaskTcpServer.c...
compiling autoip.c...
compiling igmp.c...
compiling icmp.c...
compiling inet.c...
compiling inet_chksum.c...
compiling ip.c...
compiling ip_addr.c...
compiling ip_frag.c...
compiling etharp.c...
compiling sys_arch.c...
compiling ethernetif.c...
linking...
Program Size: Code=79176 RO-data=1564 RW-data=964 ZI-data=81100  
FromELF: creating hex file...
".\Objects\LwIP.axf" - 0 Error(s), 0 Warning(s).

<h2>Software Packages used:</h2>

Package Vendor: Keil
                http://www.keil.com/pack/Keil.STM32F4xx_DFP.2.15.0.pack
                Keil.STM32F4xx_DFP.2.15.0
                STMicroelectronics STM32F4 Series Device Support, Drivers and Examples

<h2>Collection of Component include folders:</h2>
  D:\Program Files\Keil\Arm\Packs\Keil\STM32F4xx_DFP\2.15.0\Drivers\CMSIS\Device\ST\STM32F4xx\Include

<h2>Collection of Component Files used:</h2>
Build Time Elapsed:  00:00:08
</pre>
</body>
</html>
